Archive member included because of file (symbol)

../liblv2.a(sprx.o)           main.o (_sys_process_atexitspawn)
e:/psdk3v2/psdk3v2-master/ps3dev/ppu/bin/../lib/gcc/powerpc64-ps3-elf/4.5.2/../../../../powerpc64-ps3-elf/lib\libsysbase.a(syscalls.o)
                              e:/psdk3v2/psdk3v2-master/ps3dev/ppu/bin/../lib/gcc/powerpc64-ps3-elf/4.5.2/../../../../powerpc64-ps3-elf/lib/lv2-crt0.o (__syscalls)
e:/psdk3v2/psdk3v2-master/ps3dev/ppu/bin/../lib/gcc/powerpc64-ps3-elf/4.5.2/../../../../powerpc64-ps3-elf/lib\libc.a(lib_a-exit.o)
                              e:/psdk3v2/psdk3v2-master/ps3dev/ppu/bin/../lib/gcc/powerpc64-ps3-elf/4.5.2/../../../../powerpc64-ps3-elf/lib/lv2-crt0.o (exit)
e:/psdk3v2/psdk3v2-master/ps3dev/ppu/bin/../lib/gcc/powerpc64-ps3-elf/4.5.2/../../../../powerpc64-ps3-elf/lib\libc.a(lib_a-fclose.o)
                              main.o (fclose)
e:/psdk3v2/psdk3v2-master/ps3dev/ppu/bin/../lib/gcc/powerpc64-ps3-elf/4.5.2/../../../../powerpc64-ps3-elf/lib\libc.a(lib_a-fflush.o)
                              e:/psdk3v2/psdk3v2-master/ps3dev/ppu/bin/../lib/gcc/powerpc64-ps3-elf/4.5.2/../../../../powerpc64-ps3-elf/lib\libc.a(lib_a-fclose.o) (_fflush_r)
e:/psdk3v2/psdk3v2-master/ps3dev/ppu/bin/../lib/gcc/powerpc64-ps3-elf/4.5.2/../../../../powerpc64-ps3-elf/lib\libc.a(lib_a-fgets.o)
                              main.o (fgets)
e:/psdk3v2/psdk3v2-master/ps3dev/ppu/bin/../lib/gcc/powerpc64-ps3-elf/4.5.2/../../../../powerpc64-ps3-elf/lib\libc.a(lib_a-findfp.o)
                              e:/psdk3v2/psdk3v2-master/ps3dev/ppu/bin/../lib/gcc/powerpc64-ps3-elf/4.5.2/../../../../powerpc64-ps3-elf/lib\libc.a(lib_a-fclose.o) (__sfp_lock_acquire)
e:/psdk3v2/psdk3v2-master/ps3dev/ppu/bin/../lib/gcc/powerpc64-ps3-elf/4.5.2/../../../../powerpc64-ps3-elf/lib\libc.a(lib_a-fopen.o)
                              main.o (fopen)
e:/psdk3v2/psdk3v2-master/ps3dev/ppu/bin/../lib/gcc/powerpc64-ps3-elf/4.5.2/../../../../powerpc64-ps3-elf/lib\libc.a(lib_a-fread.o)
                              main.o (fread)
e:/psdk3v2/psdk3v2-master/ps3dev/ppu/bin/../lib/gcc/powerpc64-ps3-elf/4.5.2/../../../../powerpc64-ps3-elf/lib\libc.a(lib_a-freer.o)
                              e:/psdk3v2/psdk3v2-master/ps3dev/ppu/bin/../lib/gcc/powerpc64-ps3-elf/4.5.2/../../../../powerpc64-ps3-elf/lib\libc.a(lib_a-fclose.o) (_free_r)
e:/psdk3v2/psdk3v2-master/ps3dev/ppu/bin/../lib/gcc/powerpc64-ps3-elf/4.5.2/../../../../powerpc64-ps3-elf/lib\libc.a(lib_a-fseek.o)
                              e:/psdk3v2/psdk3v2-master/ps3dev/ppu/bin/../lib/gcc/powerpc64-ps3-elf/4.5.2/../../../../powerpc64-ps3-elf/lib\libc.a(lib_a-fopen.o) (_fseek_r)
e:/psdk3v2/psdk3v2-master/ps3dev/ppu/bin/../lib/gcc/powerpc64-ps3-elf/4.5.2/../../../../powerpc64-ps3-elf/lib\libc.a(lib_a-ftell.o)
                              main.o (ftell)
e:/psdk3v2/psdk3v2-master/ps3dev/ppu/bin/../lib/gcc/powerpc64-ps3-elf/4.5.2/../../../../powerpc64-ps3-elf/lib\libc.a(lib_a-fwalk.o)
                              e:/psdk3v2/psdk3v2-master/ps3dev/ppu/bin/../lib/gcc/powerpc64-ps3-elf/4.5.2/../../../../powerpc64-ps3-elf/lib\libc.a(lib_a-findfp.o) (_fwalk)
e:/psdk3v2/psdk3v2-master/ps3dev/ppu/bin/../lib/gcc/powerpc64-ps3-elf/4.5.2/../../../../powerpc64-ps3-elf/lib\libc.a(lib_a-fwrite.o)
                              main.o (fwrite)
e:/psdk3v2/psdk3v2-master/ps3dev/ppu/bin/../lib/gcc/powerpc64-ps3-elf/4.5.2/../../../../powerpc64-ps3-elf/lib\libc.a(lib_a-getreent.o)
                              e:/psdk3v2/psdk3v2-master/ps3dev/ppu/bin/../lib/gcc/powerpc64-ps3-elf/4.5.2/../../../../powerpc64-ps3-elf/lib\libc.a(lib_a-fclose.o) (__getreent)
e:/psdk3v2/psdk3v2-master/ps3dev/ppu/bin/../lib/gcc/powerpc64-ps3-elf/4.5.2/../../../../powerpc64-ps3-elf/lib\libc.a(lib_a-impure.o)
                              e:/psdk3v2/psdk3v2-master/ps3dev/ppu/bin/../lib/gcc/powerpc64-ps3-elf/4.5.2/../../../../powerpc64-ps3-elf/lib\libc.a(lib_a-exit.o) (_global_impure_ptr)
e:/psdk3v2/psdk3v2-master/ps3dev/ppu/bin/../lib/gcc/powerpc64-ps3-elf/4.5.2/../../../../powerpc64-ps3-elf/lib\libc.a(lib_a-lock_recursive.o)
                              e:/psdk3v2/psdk3v2-master/ps3dev/ppu/bin/../lib/gcc/powerpc64-ps3-elf/4.5.2/../../../../powerpc64-ps3-elf/lib\libc.a(lib_a-findfp.o) (__libc_lock_init_recursive)
e:/psdk3v2/psdk3v2-master/ps3dev/ppu/bin/../lib/gcc/powerpc64-ps3-elf/4.5.2/../../../../powerpc64-ps3-elf/lib\libc.a(lib_a-makebuf.o)
                              e:/psdk3v2/psdk3v2-master/ps3dev/ppu/bin/../lib/gcc/powerpc64-ps3-elf/4.5.2/../../../../powerpc64-ps3-elf/lib\libc.a(lib_a-fseek.o) (__smakebuf_r)
e:/psdk3v2/psdk3v2-master/ps3dev/ppu/bin/../lib/gcc/powerpc64-ps3-elf/4.5.2/../../../../powerpc64-ps3-elf/lib\libc.a(lib_a-malloc.o)
                              main.o (malloc)
e:/psdk3v2/psdk3v2-master/ps3dev/ppu/bin/../lib/gcc/powerpc64-ps3-elf/4.5.2/../../../../powerpc64-ps3-elf/lib\libc.a(lib_a-mallocr.o)
[...]
Memory Configuration

Name             Origin             Length             Attributes
*default*        0x0000000000000000 0xffffffffffffffff

Linker script and memory map

                0x0000000000010000                PROVIDE (__executable_start, 0x10000)
                0x0000000000010200                . = (0x10000 + SIZEOF_HEADERS)

.interp
 *(.interp)

.hash
 *(.hash)

.dynsym
 *(.dynsym)

.dynstr
 *(.dynstr)

.gnu.version
 *(.gnu.version)

.gnu.version_d
 *(.gnu.version_d)

.gnu.version_r
 *(.gnu.version_r)

.rel.dyn
 *(.rel.init)
 *(.rel.text .rel.text.* .rel.gnu.linkonce.t.*)
 *(.rel.fini)
 *(.rel.rodata .rel.rodata.* .rel.gnu.linkonce.r.*)
 *(.rel.data.rel.ro*)
 *(.rel.data .rel.data.* .rel.gnu.linkonce.d.*)
 *(.rel.tdata .rel.tdata.* .rel.gnu.linkonce.td.*)
 *(.rel.tbss .rel.tbss.* .rel.gnu.linkonce.tb.*)
 *(.rel.ctors)
 *(.rel.dtors)
 *(.rel.got)
 *(.rel.sdata .rel.sdata.* .rel.gnu.linkonce.s.*)
 *(.rel.sbss .rel.sbss.* .rel.gnu.linkonce.sb.*)
 *(.rel.sdata2 .rel.sdata2.* .rel.gnu.linkonce.s2.*)
 *(.rel.sbss2 .rel.sbss2.* .rel.gnu.linkonce.sb2.*)
 *(.rel.bss .rel.bss.* .rel.gnu.linkonce.b.*)

.rela.dyn       0x0000000000010200        0x0
 *(.rela.init)
 *(.rela.text .rela.text.* .rela.gnu.linkonce.t.*)
 *(.rela.fini)
 *(.rela.rodata .rela.rodata.* .rela.gnu.linkonce.r.*)
 *(.rela.data .rela.data.* .rela.gnu.linkonce.d.*)
 *(.rela.tdata .rela.tdata.* .rela.gnu.linkonce.td.*)
 *(.rela.tbss .rela.tbss.* .rela.gnu.linkonce.tb.*)
 *(.rela.ctors)
 *(.rela.dtors)
 *(.rela.got)
 *(.rela.toc)
 .rela.toc      0x0000000000000000        0x0 linker stubs
 *(.rela.sdata .rela.sdata.* .rela.gnu.linkonce.s.*)
 *(.rela.sbss .rela.sbss.* .rela.gnu.linkonce.sb.*)
 *(.rela.sdata2 .rela.sdata2.* .rela.gnu.linkonce.s2.*)
 *(.rela.sbss2 .rela.sbss2.* .rela.gnu.linkonce.sb2.*)
 *(.rela.bss .rela.bss.* .rela.gnu.linkonce.b.*)
 .rela.iplt     0x0000000000000000        0x0 linker stubs
 .rela.sys_proc_prx_param
                0x0000000000000000        0x0 linker stubs
 .rela.opd      0x0000000000000000        0x0 linker stubs

.rel.plt
 *(.rel.plt)

.rela.plt
 *(.rela.plt)

.rela.tocbss
 *(.rela.tocbss)

.init           0x0000000000010200       0x2c
 *(.init)
 .init          0x0000000000010200        0xc e:/psdk3v2/psdk3v2-master/ps3dev/ppu/bin/../lib/gcc/powerpc64-ps3-elf/4.5.2/../../../../powerpc64-ps3-elf/lib/lv2-crti.o
                0x0000000000010200                ._init
 .init          0x000000000001020c        0x8 e:/psdk3v2/psdk3v2-master/ps3dev/ppu/bin/../lib/gcc/powerpc64-ps3-elf/4.5.2/crtbegin.o
 .init          0x0000000000010214        0x8 e:/psdk3v2/psdk3v2-master/ps3dev/ppu/bin/../lib/gcc/powerpc64-ps3-elf/4.5.2/crtend.o
 .init          0x000000000001021c       0x10 e:/psdk3v2/psdk3v2-master/ps3dev/ppu/bin/../lib/gcc/powerpc64-ps3-elf/4.5.2/../../../../powerpc64-ps3-elf/lib/lv2-crtn.o

.text           0x0000000000010230    0x1b97c
 *(.text .stub .text.* .gnu.linkonce.t.*)
 .text          0x0000000000010230        0x0 e:/psdk3v2/psdk3v2-master/ps3dev/ppu/bin/../lib/gcc/powerpc64-ps3-elf/4.5.2/../../../../powerpc64-ps3-elf/lib/lv2-crti.o
 .text          0x0000000000010230        0x0 e:/psdk3v2/psdk3v2-master/ps3dev/ppu/bin/../lib/gcc/powerpc64-ps3-elf/4.5.2/crtbegin.o
 .text.__do_global_dtors_aux
                0x0000000000010230       0xc8 e:/psdk3v2/psdk3v2-master/ps3dev/ppu/bin/../lib/gcc/powerpc64-ps3-elf/4.5.2/crtbegin.o
 .text.frame_dummy
                0x00000000000102f8       0x70 e:/psdk3v2/psdk3v2-master/ps3dev/ppu/bin/../lib/gcc/powerpc64-ps3-elf/4.5.2/crtbegin.o
 .text          0x0000000000010368       0x58 e:/psdk3v2/psdk3v2-master/ps3dev/ppu/bin/../lib/gcc/powerpc64-ps3-elf/4.5.2/../../../../powerpc64-ps3-elf/lib/lv2-crt0.o
                0x0000000000010368                ._start
 .text.__syscalls_init
                0x00000000000103c0      0x15c e:/psdk3v2/psdk3v2-master/ps3dev/ppu/bin/../lib/gcc/powerpc64-ps3-elf/4.5.2/../../../../powerpc64-ps3-elf/lib/lv2-crt0.o
 *fill*         0x000000000001051c        0x4 60000000
 .text._initialize
                0x0000000000010520       0x40 e:/psdk3v2/psdk3v2-master/ps3dev/ppu/bin/../lib/gcc/powerpc64-ps3-elf/4.5.2/../../../../powerpc64-ps3-elf/lib/lv2-crt0.o
                0x0000000000010520                ._initialize
 .text          0x0000000000010560        0x0 e:/psdk3v2/psdk3v2-master/ps3dev/ppu/bin/../lib/gcc/powerpc64-ps3-elf/4.5.2/../../../../powerpc64-ps3-elf/lib/lv2-sprx.o
 .text          0x0000000000010560        0x0 main.o
 .text.console_write
                0x0000000000010560       0x44 main.o
                0x0000000000010560                .console_write
 *fill*         0x00000000000105a4        0x4 60000000
 .text.lv2peek  0x00000000000105a8       0x28 main.o
                0x00000000000105a8                .lv2peek
 .text.lv2poke  0x00000000000105d0       0x28 main.o
                0x00000000000105d0                .lv2poke
 .text.lv2peek32
                0x00000000000105f8       0x2c main.o
                0x00000000000105f8                .lv2peek32
 *fill*         0x0000000000010624        0x4 60000000
 .text.lv2poke32
                0x0000000000010628       0x58 main.o
                0x0000000000010628                .lv2poke32
 .text.find_syscall
                0x0000000000010680       0xd4 main.o
                0x0000000000010680                .find_syscall
 *fill*         0x0000000000010754        0x4 60000000
 .text.reverse_search64
                0x0000000000010758       0x98 main.o
                0x0000000000010758                .reverse_search64
 .text.search64
                0x00000000000107f0       0x90 main.o
                0x00000000000107f0                .search64
 .text.find_syscall_table
                0x0000000000010880       0xf4 main.o
                0x0000000000010880                .find_syscall_table
 *fill*         0x0000000000010974        0x4 60000000
 .text.get_lv2_version
                0x0000000000010978       0xc0 main.o
                0x0000000000010978                .get_lv2_version
 .text.get_syscall_table
                0x0000000000010a38       0xa4 main.o
                0x0000000000010a38                .get_syscall_table
 *fill*         0x0000000000010adc        0x4 60000000
 .text.install_syscall
                0x0000000000010ae0       0xf4 main.o
                0x0000000000010ae0                .install_syscall
 *fill*         0x0000000000010bd4        0x4 60000000
 .text.find_vsh_process_obj
                0x0000000000010bd8       0xb4 main.o
                0x0000000000010bd8                .find_vsh_process_obj
 *fill*         0x0000000000010c8c        0x4 60000000
 .text.lv2_memcpy
                0x0000000000010c90       0x2c main.o
                0x0000000000010c90                .lv2_memcpy
 *fill*         0x0000000000010cbc        0x4 60000000
 .text.dump_lv2
                0x0000000000010cc0       0xb4 main.o
                0x0000000000010cc0                .dump_lv2
 *fill*         0x0000000000010d74        0x4 60000000
 .text.write_htab
                0x0000000000010d78       0xcc main.o
                0x0000000000010d78                .write_htab
 *fill*         0x0000000000010e44        0x4 60000000
 .text.lv2_patch_error
                0x0000000000010e48       0xa4 main.o
                0x0000000000010e48                .lv2_patch_error
 *fill*         0x0000000000010eec        0x4 60000000
 .text.print_hex
                0x0000000000010ef0       0x94 main.o
                0x0000000000010ef0                .print_hex
 *fill*         0x0000000000010f84        0x4 60000000
 .text.get_idps
                0x0000000000010f88       0x28 main.o
                0x0000000000010f88                .get_idps
 .text.get_psid
                0x0000000000010fb0       0x28 main.o
                0x0000000000010fb0                .get_psid
 .text.ring_buzzer
                0x0000000000010fd8       0x34 main.o
                0x0000000000010fd8                .ring_buzzer
 *fill*         0x000000000001100c        0x4 60000000
 .text.be64     0x0000000000011010       0x24 main.o
                0x0000000000011010                .be64
 *fill*         0x0000000000011034        0x4 60000000
 .text.be32     0x0000000000011038       0x14 main.o
                0x0000000000011038                .be32
 *fill*         0x000000000001104c        0x4 60000000
 .text.wbe64    0x0000000000011050       0x20 main.o
                0x0000000000011050                .wbe64
 .text.wbe32    0x0000000000011070       0x14 main.o
                0x0000000000011070                .wbe32
 *fill*         0x0000000000011084        0x4 60000000
 .text.wbe16    0x0000000000011088       0x14 main.o
                0x0000000000011088                .wbe16
 *fill*         0x000000000001109c        0x4 60000000
 .text.wbe8     0x00000000000110a0       0x14 main.o
                0x00000000000110a0                .wbe8
 *fill*         0x00000000000110b4        0x4 60000000
 .text.get_rand
                0x00000000000110b8       0x8c main.o
                0x00000000000110b8                .get_rand
 *fill*         0x0000000000011144        0x4 60000000
 .text.load_prx_module
                0x0000000000011148       0x58 main.o
                0x0000000000011148                .load_prx_module
 .text.read_file
                0x00000000000111a0      0x110 main.o
                0x00000000000111a0                .read_file
 .text.write_file
                0x00000000000112b0       0x9c main.o
                0x00000000000112b0                .write_file
 *fill*         0x000000000001134c        0x4 60000000
 .text.load_all_prx
                0x0000000000011350      0x194 main.o
                0x0000000000011350                .load_all_prx
 *fill*         0x00000000000114e4        0x4 60000000
 .text.launchself
                0x00000000000114e8       0x48 main.o
                0x00000000000114e8                .launchself
 .text.launchselfback
                0x0000000000011530       0x48 main.o
                0x0000000000011530                .launchselfback
 .text.sys_fs_mount_ext
                0x0000000000011578       0x44 main.o
                0x0000000000011578                .sys_fs_mount_ext
 *fill*         0x00000000000115bc        0x4 60000000
 .text.sys_fs_umount
                0x00000000000115c0       0x34 main.o
                0x00000000000115c0                .sys_fs_umount
 *fill*         0x00000000000115f4        0x4 60000000
 .text.filestat
                0x00000000000115f8       0x64 main.o
                0x00000000000115f8                .filestat
 *fill*         0x000000000001165c        0x4 60000000
 .text.unlink_secure
                0x0000000000011660       0x8c main.o
                0x0000000000011660                .unlink_secure
 *fill*         0x00000000000116ec        0x4 60000000
 .text.sys_shutdown
                0x00000000000116f0       0x4c main.o
                0x00000000000116f0                .sys_shutdown
 *fill*         0x000000000001173c        0x4 60000000
 .text.mount_flash
                0x0000000000011740       0x8c main.o
                0x0000000000011740                .mount_flash
 *fill*         0x00000000000117cc        0x4 60000000
 .text.file_copy
                0x00000000000117d0      0x23c main.o
                0x00000000000117d0                .file_copy
 *fill*         0x0000000000011a0c        0x4 60000000
 .text.main     0x0000000000011a10      0x184 main.o
                0x0000000000011a10                .main
 .text          0x0000000000011b94        0x0 ../liblv2.a(sprx.o)
 .text          0x0000000000011b94        0x0 e:/psdk3v2/psdk3v2-master/ps3dev/ppu/bin/../lib/gcc/powerpc64-ps3-elf/4.5.2/../../../../powerpc64-ps3-elf/lib\libsysbase.a(syscalls.o)
 .text          0x0000000000011b94        0x0 e:/psdk3v2/psdk3v2-master/ps3dev/ppu/bin/../lib/gcc/powerpc64-ps3-elf/4.5.2/../../../../powerpc64-ps3-elf/lib\libc.a(lib_a-exit.o)
 *fill*         0x0000000000011b94        0x4 60000000
 .text.exit     0x0000000000011b98       0x68 e:/psdk3v2/psdk3v2-master/ps3dev/ppu/bin/../lib/gcc/powerpc64-ps3-elf/4.5.2/../../../../powerpc64-ps3-elf/lib\libc.a(lib_a-exit.o)
                0x0000000000011b98                .exit
 .text          0x0000000000011c00        0x0 e:/psdk3v2/psdk3v2-master/ps3dev/ppu/bin/../lib/gcc/powerpc64-ps3-elf/4.5.2/../../../../powerpc64-ps3-elf/lib\libc.a(lib_a-fclose.o)
 .text._fclose_r
                0x0000000000011c00      0x1ec e:/psdk3v2/psdk3v2-master/ps3dev/ppu/bin/../lib/gcc/powerpc64-ps3-elf/4.5.2/../../../../powerpc64-ps3-elf/lib\libc.a(lib_a-fclose.o)
                0x0000000000011c00                ._fclose_r
 *fill*         0x0000000000011dec        0x4 60000000
 .text.fclose   0x0000000000011df0       0x40 e:/psdk3v2/psdk3v2-master/ps3dev/ppu/bin/../lib/gcc/powerpc64-ps3-elf/4.5.2/../../../../powerpc64-ps3-elf/lib\libc.a(lib_a-fclose.o)
                0x0000000000011df0                .fclose
 .text          0x0000000000011e30        0x0 e:/psdk3v2/psdk3v2-master/ps3dev/ppu/bin/../lib/gcc/powerpc64-ps3-elf/4.5.2/../../../../powerpc64-ps3-elf/lib\libc.a(lib_a-fflush.o)
 .text._fflush_r
                0x0000000000011e30      0x410 e:/psdk3v2/psdk3v2-master/ps3dev/ppu/bin/../lib/gcc/powerpc64-ps3-elf/4.5.2/../../../../powerpc64-ps3-elf/lib\libc.a(lib_a-fflush.o)
                0x0000000000011e30                ._fflush_r
 .text.fflush   0x0000000000012240       0x74 e:/psdk3v2/psdk3v2-master/ps3dev/ppu/bin/../lib/gcc/powerpc64-ps3-elf/4.5.2/../../../../powerpc64-ps3-elf/lib\libc.a(lib_a-fflush.o)
                0x0000000000012240                .fflush
 .text          0x00000000000122b4        0x0 e:/psdk3v2/psdk3v2-master/ps3dev/ppu/bin/../lib/gcc/powerpc64-ps3-elf/4.5.2/../../../../powerpc64-ps3-elf/lib\libc.a(lib_a-fgets.o)
 *fill*         0x00000000000122b4        0x4 60000000
 .text._fgets_r
                0x00000000000122b8      0x268 e:/psdk3v2/psdk3v2-master/ps3dev/ppu/bin/../lib/gcc/powerpc64-ps3-elf/4.5.2/../../../../powerpc64-ps3-elf/lib\libc.a(lib_a-fgets.o)
                0x00000000000122b8                ._fgets_r
 .text.fgets    0x0000000000012520       0x60 e:/psdk3v2/psdk3v2-master/ps3dev/ppu/bin/../lib/gcc/powerpc64-ps3-elf/4.5.2/../../../../powerpc64-ps3-elf/lib\libc.a(lib_a-fgets.o)
                0x0000000000012520                .fgets
 .text          0x0000000000012580        0x0 e:/psdk3v2/psdk3v2-master/ps3dev/ppu/bin/../lib/gcc/powerpc64-ps3-elf/4.5.2/../../../../powerpc64-ps3-elf/lib\libc.a(lib_a-findfp.o)
 .text._cleanup_r
                0x0000000000012580       0x34 e:/psdk3v2/psdk3v2-master/ps3dev/ppu/bin/../lib/gcc/powerpc64-ps3-elf/4.5.2/../../../../powerpc64-ps3-elf/lib\libc.a(lib_a-findfp.o)
                0x0000000000012580                ._cleanup_r
 *fill*         0x00000000000125b4        0x4 60000000
 .text.__fp_unlock
                0x00000000000125b8       0x48 e:/psdk3v2/psdk3v2-master/ps3dev/ppu/bin/../lib/gcc/powerpc64-ps3-elf/4.5.2/../../../../powerpc64-ps3-elf/lib\libc.a(lib_a-findfp.o)
 .text.__fp_lock
                0x0000000000012600       0x48 e:/psdk3v2/psdk3v2-master/ps3dev/ppu/bin/../lib/gcc/powerpc64-ps3-elf/4.5.2/../../../../powerpc64-ps3-elf/lib\libc.a(lib_a-findfp.o)
 .text.__sfmoreglue
                0x0000000000012648       0x94 e:/psdk3v2/psdk3v2-master/ps3dev/ppu/bin/../lib/gcc/powerpc64-ps3-elf/4.5.2/../../../../powerpc64-ps3-elf/lib\libc.a(lib_a-findfp.o)
                0x0000000000012648                .__sfmoreglue
 *fill*         0x00000000000126dc        0x4 60000000
 .text._cleanup
                0x00000000000126e0       0x18 e:/psdk3v2/psdk3v2-master/ps3dev/ppu/bin/../lib/gcc/powerpc64-ps3-elf/4.5.2/../../../../powerpc64-ps3-elf/lib\libc.a(lib_a-findfp.o)
                0x00000000000126e0                ._cleanup
 .text.__sfp_lock_acquire
                0x00000000000126f8       0x34 e:/psdk3v2/psdk3v2-master/ps3dev/ppu/bin/../lib/gcc/powerpc64-ps3-elf/4.5.2/../../../../powerpc64-ps3-elf/lib\libc.a(lib_a-findfp.o)
                0x00000000000126f8                .__sfp_lock_acquire
 *fill*         0x000000000001272c        0x4 60000000
 .text.__sfp_lock_release
                0x0000000000012730       0x34 e:/psdk3v2/psdk3v2-master/ps3dev/ppu/bin/../lib/gcc/powerpc64-ps3-elf/4.5.2/../../../../powerpc64-ps3-elf/lib\libc.a(lib_a-findfp.o)
                0x0000000000012730                .__sfp_lock_release
 *fill*         0x0000000000012764        0x4 60000000
 .text.__sinit_lock_acquire
                0x0000000000012768       0x34 e:/psdk3v2/psdk3v2-master/ps3dev/ppu/bin/../lib/gcc/powerpc64-ps3-elf/4.5.2/../../../../powerpc64-ps3-elf/lib\libc.a(lib_a-findfp.o)
                0x0000000000012768                .__sinit_lock_acquire
 *fill*         0x000000000001279c        0x4 60000000
 .text.__sinit_lock_release
                0x00000000000127a0       0x34 e:/psdk3v2/psdk3v2-master/ps3dev/ppu/bin/../lib/gcc/powerpc64-ps3-elf/4.5.2/../../../../powerpc64-ps3-elf/lib\libc.a(lib_a-findfp.o)
                0x00000000000127a0                .__sinit_lock_release
 *fill*         0x00000000000127d4        0x4 60000000
 .text.__sinit  0x00000000000127d8      0x1d8 e:/psdk3v2/psdk3v2-master/ps3dev/ppu/bin/../lib/gcc/powerpc64-ps3-elf/4.5.2/../../../../powerpc64-ps3-elf/lib\libc.a(lib_a-findfp.o)
                0x00000000000127d8                .__sinit
 .text.__sfp    0x00000000000129b0      0x190 e:/psdk3v2/psdk3v2-master/ps3dev/ppu/bin/../lib/gcc/powerpc64-ps3-elf/4.5.2/../../../../powerpc64-ps3-elf/lib\libc.a(lib_a-findfp.o)
                0x00000000000129b0                .__sfp
 .text.__fp_lock_all
                0x0000000000012b40       0x40 e:/psdk3v2/psdk3v2-master/ps3dev/ppu/bin/../lib/gcc/powerpc64-ps3-elf/4.5.2/../../../../powerpc64-ps3-elf/lib\libc.a(lib_a-findfp.o)
                0x0000000000012b40                .__fp_lock_all
 .text.__fp_unlock_all
                0x0000000000012b80       0x3c e:/psdk3v2/psdk3v2-master/ps3dev/ppu/bin/../lib/gcc/powerpc64-ps3-elf/4.5.2/../../../../powerpc64-ps3-elf/lib\libc.a(lib_a-findfp.o)
                0x0000000000012b80                .__fp_unlock_all
 .text          0x0000000000012bbc        0x0 e:/psdk3v2/psdk3v2-master/ps3dev/ppu/bin/../lib/gcc/powerpc64-ps3-elf/4.5.2/../../../../powerpc64-ps3-elf/lib\libc.a(lib_a-fopen.o)
 *fill*         0x0000000000012bbc        0x4 60000000
 .text._fopen_r
                0x0000000000012bc0      0x180 e:/psdk3v2/psdk3v2-master/ps3dev/ppu/bin/../lib/gcc/powerpc64-ps3-elf/4.5.2/../../../../powerpc64-ps3-elf/lib\libc.a(lib_a-fopen.o)
                0x0000000000012bc0                ._fopen_r
 .text.fopen    0x0000000000012d40       0x50 e:/psdk3v2/psdk3v2-master/ps3dev/ppu/bin/../lib/gcc/powerpc64-ps3-elf/4.5.2/../../../../powerpc64-ps3-elf/lib\libc.a(lib_a-fopen.o)
                0x0000000000012d40                .fopen
 .text          0x0000000000012d90        0x0 e:/psdk3v2/psdk3v2-master/ps3dev/ppu/bin/../lib/gcc/powerpc64-ps3-elf/4.5.2/../../../../powerpc64-ps3-elf/lib\libc.a(lib_a-fread.o)
 .text._fread_r
                0x0000000000012d90      0x460 e:/psdk3v2/psdk3v2-master/ps3dev/ppu/bin/../lib/gcc/powerpc64-ps3-elf/4.5.2/../../../../powerpc64-ps3-elf/lib\libc.a(lib_a-fread.o)
                0x0000000000012d90                ._fread_r
 .text.fread    0x00000000000131f0       0x70 e:/psdk3v2/psdk3v2-master/ps3dev/ppu/bin/../lib/gcc/powerpc64-ps3-elf/4.5.2/../../../../powerpc64-ps3-elf/lib\libc.a(lib_a-fread.o)
                0x00000000000131f0                .fread
 .text          0x0000000000013260        0x0 e:/psdk3v2/psdk3v2-master/ps3dev/ppu/bin/../lib/gcc/powerpc64-ps3-elf/4.5.2/../../../../powerpc64-ps3-elf/lib\libc.a(lib_a-freer.o)
 .text._malloc_trim_r
                0x0000000000013260      0x15c e:/psdk3v2/psdk3v2-master/ps3dev/ppu/bin/../lib/gcc/powerpc64-ps3-elf/4.5.2/../../../../powerpc64-ps3-elf/lib\libc.a(lib_a-freer.o)
                0x0000000000013260                ._malloc_trim_r
 *fill*         0x00000000000133bc        0x4 60000000
 .text._free_r  0x00000000000133c0      0x310 e:/psdk3v2/psdk3v2-master/ps3dev/ppu/bin/../lib/gcc/powerpc64-ps3-elf/4.5.2/../../../../powerpc64-ps3-elf/lib\libc.a(lib_a-freer.o)
                0x00000000000133c0                ._free_r
 .text          0x00000000000136d0        0x0 e:/psdk3v2/psdk3v2-master/ps3dev/ppu/bin/../lib/gcc/powerpc64-ps3-elf/4.5.2/../../../../powerpc64-ps3-elf/lib\libc.a(lib_a-fseek.o)
 .text._fseek_r
                0x00000000000136d0      0x6b4 e:/psdk3v2/psdk3v2-master/ps3dev/ppu/bin/../lib/gcc/powerpc64-ps3-elf/4.5.2/../../../../powerpc64-ps3-elf/lib\libc.a(lib_a-fseek.o)
                0x00000000000136d0                ._fseek_r
 *fill*         0x0000000000013d84        0x4 60000000
 .text.fseek    0x0000000000013d88       0x60 e:/psdk3v2/psdk3v2-master/ps3dev/ppu/bin/../lib/gcc/powerpc64-ps3-elf/4.5.2/../../../../powerpc64-ps3-elf/lib\libc.a(lib_a-fseek.o)
                0x0000000000013d88                .fseek
 .text          0x0000000000013de8        0x0 e:/psdk3v2/psdk3v2-master/ps3dev/ppu/bin/../lib/gcc/powerpc64-ps3-elf/4.5.2/../../../../powerpc64-ps3-elf/lib\libc.a(lib_a-ftell.o)
 .text._ftell_r
                0x0000000000013de8      0x1f4 e:/psdk3v2/psdk3v2-master/ps3dev/ppu/bin/../lib/gcc/powerpc64-ps3-elf/4.5.2/../../../../powerpc64-ps3-elf/lib\libc.a(lib_a-ftell.o)
                0x0000000000013de8                ._ftell_r
 *fill*         0x0000000000013fdc        0x4 60000000
 .text.ftell    0x0000000000013fe0       0x40 e:/psdk3v2/psdk3v2-master/ps3dev/ppu/bin/../lib/gcc/powerpc64-ps3-elf/4.5.2/../../../../powerpc64-ps3-elf/lib\libc.a(lib_a-ftell.o)
                0x0000000000013fe0                .ftell
 .text          0x0000000000014020        0x0 e:/psdk3v2/psdk3v2-master/ps3dev/ppu/bin/../lib/gcc/powerpc64-ps3-elf/4.5.2/../../../../powerpc64-ps3-elf/lib\libc.a(lib_a-fwalk.o)
 .text._fwalk   0x0000000000014020       0xfc e:/psdk3v2/psdk3v2-master/ps3dev/ppu/bin/../lib/gcc/powerpc64-ps3-elf/4.5.2/../../../../powerpc64-ps3-elf/lib\libc.a(lib_a-fwalk.o)
                0x0000000000014020                ._fwalk
 *fill*         0x000000000001411c        0x4 60000000
 .text._fwalk_reent
                0x0000000000014120      0x108 e:/psdk3v2/psdk3v2-master/ps3dev/ppu/bin/../lib/gcc/powerpc64-ps3-elf/4.5.2/../../../../powerpc64-ps3-elf/lib\libc.a(lib_a-fwalk.o)
                0x0000000000014120                ._fwalk_reent
 .text          0x0000000000014228        0x0 e:/psdk3v2/psdk3v2-master/ps3dev/ppu/bin/../lib/gcc/powerpc64-ps3-elf/4.5.2/../../../../powerpc64-ps3-elf/lib\libc.a(lib_a-fwrite.o)
 .text._fwrite_r
                0x0000000000014228      0x1c8 e:/psdk3v2/psdk3v2-master/ps3dev/ppu/bin/../lib/gcc/powerpc64-ps3-elf/4.5.2/../../../../powerpc64-ps3-elf/lib\libc.a(lib_a-fwrite.o)
                0x0000000000014228                ._fwrite_r
 .text.fwrite   0x00000000000143f0       0x70 e:/psdk3v2/psdk3v2-master/ps3dev/ppu/bin/../lib/gcc/powerpc64-ps3-elf/4.5.2/../../../../powerpc64-ps3-elf/lib\libc.a(lib_a-fwrite.o)
                0x00000000000143f0                .fwrite
 .text          0x0000000000014460        0x0 e:/psdk3v2/psdk3v2-master/ps3dev/ppu/bin/../lib/gcc/powerpc64-ps3-elf/4.5.2/../../../../powerpc64-ps3-elf/lib\libc.a(lib_a-getreent.o)
 .text.__getreent
                0x0000000000014460      0x1f0 e:/psdk3v2/psdk3v2-master/ps3dev/ppu/bin/../lib/gcc/powerpc64-ps3-elf/4.5.2/../../../../powerpc64-ps3-elf/lib\libc.a(lib_a-getreent.o)
                0x0000000000014460                .__getreent
 .text          0x0000000000014650        0x0 e:/psdk3v2/psdk3v2-master/ps3dev/ppu/bin/../lib/gcc/powerpc64-ps3-elf/4.5.2/../../../../powerpc64-ps3-elf/lib\libc.a(lib_a-impure.o)
 .text          0x0000000000014650        0x0 e:/psdk3v2/psdk3v2-master/ps3dev/ppu/bin/../lib/gcc/powerpc64-ps3-elf/4.5.2/../../../../powerpc64-ps3-elf/lib\libc.a(lib_a-lock_recursive.o)
 .text.__libc_lock_init_recursive
                0x0000000000014650       0x34 e:/psdk3v2/psdk3v2-master/ps3dev/ppu/bin/../lib/gcc/powerpc64-ps3-elf/4.5.2/../../../../powerpc64-ps3-elf/lib\libc.a(lib_a-lock_recursive.o)
                0x0000000000014650                .__libc_lock_init_recursive
 *fill*         0x0000000000014684        0x4 60000000
 .text.__libc_lock_close_recursive
                0x0000000000014688       0x30 e:/psdk3v2/psdk3v2-master/ps3dev/ppu/bin/../lib/gcc/powerpc64-ps3-elf/4.5.2/../../../../powerpc64-ps3-elf/lib\libc.a(lib_a-lock_recursive.o)
                0x0000000000014688                .__libc_lock_close_recursive
 .text.__libc_lock_acquire_recursive
                0x00000000000146b8       0x58 e:/psdk3v2/psdk3v2-master/ps3dev/ppu/bin/../lib/gcc/powerpc64-ps3-elf/4.5.2/../../../../powerpc64-ps3-elf/lib\libc.a(lib_a-lock_recursive.o)
                0x00000000000146b8                .__libc_lock_acquire_recursive
 .text.__libc_lock_try_acquire_recursive
                0x0000000000014710       0x54 e:/psdk3v2/psdk3v2-master/ps3dev/ppu/bin/../lib/gcc/powerpc64-ps3-elf/4.5.2/../../../../powerpc64-ps3-elf/lib\libc.a(lib_a-lock_recursive.o)
                0x0000000000014710                .__libc_lock_try_acquire_recursive
 *fill*         0x0000000000014764        0x4 60000000
 .text.__libc_lock_release_recursive
                0x0000000000014768       0x54 e:/psdk3v2/psdk3v2-master/ps3dev/ppu/bin/../lib/gcc/powerpc64-ps3-elf/4.5.2/../../../../powerpc64-ps3-elf/lib\libc.a(lib_a-lock_recursive.o)
                0x0000000000014768                .__libc_lock_release_recursive
 .text          0x00000000000147bc        0x0 e:/psdk3v2/psdk3v2-master/ps3dev/ppu/bin/../lib/gcc/powerpc64-ps3-elf/4.5.2/../../../../powerpc64-ps3-elf/lib\libc.a(lib_a-makebuf.o)
 *fill*         0x00000000000147bc        0x4 60000000
 .text.__smakebuf_r
                0x00000000000147c0      0x228 e:/psdk3v2/psdk3v2-master/ps3dev/ppu/bin/../lib/gcc/powerpc64-ps3-elf/4.5.2/../../../../powerpc64-ps3-elf/lib\libc.a(lib_a-makebuf.o)
                0x00000000000147c0                .__smakebuf_r
 .text          0x00000000000149e8        0x0 e:/psdk3v2/psdk3v2-master/ps3dev/ppu/bin/../lib/gcc/powerpc64-ps3-elf/4.5.2/../../../../powerpc64-ps3-elf/lib\libc.a(lib_a-malloc.o)
 .text.malloc   0x00000000000149e8       0x48 e:/psdk3v2/psdk3v2-master/ps3dev/ppu/bin/../lib/gcc/powerpc64-ps3-elf/4.5.2/../../../../powerpc64-ps3-elf/lib\libc.a(lib_a-malloc.o)
                0x00000000000149e8                .malloc
 .text.free     0x0000000000014a30       0x48 e:/psdk3v2/psdk3v2-master/ps3dev/ppu/bin/../lib/gcc/powerpc64-ps3-elf/4.5.2/../../../../powerpc64-ps3-elf/lib\libc.a(lib_a-malloc.o)
                0x0000000000014a30                .free
 .text          0x0000000000014a78        0x0 e:/psdk3v2/psdk3v2-master/ps3dev/ppu/bin/../lib/gcc/powerpc64-ps3-elf/4.5.2/../../../../powerpc64-ps3-elf/lib\libc.a(lib_a-mallocr.o)
 .text._malloc_r
                0x0000000000014a78      0x944 e:/psdk3v2/psdk3v2-master/ps3dev/ppu/bin/../lib/gcc/powerpc64-ps3-elf/4.5.2/../../../../powerpc64-ps3-elf/lib\libc.a(lib_a-mallocr.o)
                0x0000000000014a78                ._malloc_r
 .text          0x00000000000153bc        0x0 e:/psdk3v2/psdk3v2-master/ps3dev/ppu/bin/../lib/gcc/powerpc64-ps3-elf/4.5.2/../../../../powerpc64-ps3-elf/lib\libc.a(lib_a-memchr.o)
 *fill*         0x00000000000153bc        0x4 60000000
 .text.memchr   0x00000000000153c0      0x13c e:/psdk3v2/psdk3v2-master/ps3dev/ppu/bin/../lib/gcc/powerpc64-ps3-elf/4.5.2/../../../../powerpc64-ps3-elf/lib\libc.a(lib_a-memchr.o)
                0x00000000000153c0                .memchr
 .text          0x00000000000154fc        0x0 e:/psdk3v2/psdk3v2-master/ps3dev/ppu/bin/../lib/gcc/powerpc64-ps3-elf/4.5.2/../../../../powerpc64-ps3-elf/lib\libc.a(lib_a-memcpy.o)
 *fill*         0x00000000000154fc        0x4 60000000
 .text.memcpy   0x0000000000015500       0xf8 e:/psdk3v2/psdk3v2-master/ps3dev/ppu/bin/../lib/gcc/powerpc64-ps3-elf/4.5.2/../../../../powerpc64-ps3-elf/lib\libc.a(lib_a-memcpy.o)
                0x0000000000015500                .memcpy
 .text          0x00000000000155f8        0x0 e:/psdk3v2/psdk3v2-master/ps3dev/ppu/bin/../lib/gcc/powerpc64-ps3-elf/4.5.2/../../../../powerpc64-ps3-elf/lib\libc.a(lib_a-memset.o)
 .text.memset   0x00000000000155f8      0x130 e:/psdk3v2/psdk3v2-master/ps3dev/ppu/bin/../lib/gcc/powerpc64-ps3-elf/4.5.2/../../../../powerpc64-ps3-elf/lib\libc.a(lib_a-memset.o)
                0x00000000000155f8                .memset
 .text          0x0000000000015728        0x0 e:/psdk3v2/psdk3v2-master/ps3dev/ppu/bin/../lib/gcc/powerpc64-ps3-elf/4.5.2/../../../../powerpc64-ps3-elf/lib\libc.a(lib_a-mlock.o)
 .text.__malloc_lock
                0x0000000000015728       0x34 e:/psdk3v2/psdk3v2-master/ps3dev/ppu/bin/../lib/gcc/powerpc64-ps3-elf/4.5.2/../../../../powerpc64-ps3-elf/lib\libc.a(lib_a-mlock.o)
                0x0000000000015728                .__malloc_lock
 *fill*         0x000000000001575c        0x4 60000000
 .text.__malloc_unlock
                0x0000000000015760       0x34 e:/psdk3v2/psdk3v2-master/ps3dev/ppu/bin/../lib/gcc/powerpc64-ps3-elf/4.5.2/../../../../powerpc64-ps3-elf/lib\libc.a(lib_a-mlock.o)
                0x0000000000015760                .__malloc_unlock
 .text          0x0000000000015794        0x0 e:/psdk3v2/psdk3v2-master/ps3dev/ppu/bin/../lib/gcc/powerpc64-ps3-elf/4.5.2/../../../../powerpc64-ps3-elf/lib\libc.a(lib_a-printf.o)
 *fill*         0x0000000000015794        0x4 60000000
 .text._printf_r
                0x0000000000015798       0x58 e:/psdk3v2/psdk3v2-master/ps3dev/ppu/bin/../lib/gcc/powerpc64-ps3-elf/4.5.2/../../../../powerpc64-ps3-elf/lib\libc.a(lib_a-printf.o)
                0x0000000000015798                ._printf_r
 .text.printf   0x00000000000157f0       0x6c e:/psdk3v2/psdk3v2-master/ps3dev/ppu/bin/../lib/gcc/powerpc64-ps3-elf/4.5.2/../../../../powerpc64-ps3-elf/lib\libc.a(lib_a-printf.o)
                0x00000000000157f0                .printf
 .text          0x000000000001585c        0x0 e:/psdk3v2/psdk3v2-master/ps3dev/ppu/bin/../lib/gcc/powerpc64-ps3-elf/4.5.2/../../../../powerpc64-ps3-elf/lib\libc.a(lib_a-putchar.o)
 *fill*         0x000000000001585c        0x4 60000000
 .text._putchar_r
                0x0000000000015860       0x34 e:/psdk3v2/psdk3v2-master/ps3dev/ppu/bin/../lib/gcc/powerpc64-ps3-elf/4.5.2/../../../../powerpc64-ps3-elf/lib\libc.a(lib_a-putchar.o)
                0x0000000000015860                ._putchar_r
 *fill*         0x0000000000015894        0x4 60000000
 .text.putchar  0x0000000000015898       0x64 e:/psdk3v2/psdk3v2-master/ps3dev/ppu/bin/../lib/gcc/powerpc64-ps3-elf/4.5.2/../../../../powerpc64-ps3-elf/lib\libc.a(lib_a-putchar.o)
                0x0000000000015898                .putchar
 .text          0x00000000000158fc        0x0 e:/psdk3v2/psdk3v2-master/ps3dev/ppu/bin/../lib/gcc/powerpc64-ps3-elf/4.5.2/../../../../powerpc64-ps3-elf/lib\libc.a(lib_a-puts.o)
 *fill*         0x00000000000158fc        0x4 60000000
 .text._puts_r  0x0000000000015900      0x114 e:/psdk3v2/psdk3v2-master/ps3dev/ppu/bin/../lib/gcc/powerpc64-ps3-elf/4.5.2/../../../../powerpc64-ps3-elf/lib\libc.a(lib_a-puts.o)
                0x0000000000015900                ._puts_r
 *fill*         0x0000000000015a14        0x4 60000000
 .text.puts     0x0000000000015a18       0x40 e:/psdk3v2/psdk3v2-master/ps3dev/ppu/bin/../lib/gcc/powerpc64-ps3-elf/4.5.2/../../../../powerpc64-ps3-elf/lib\libc.a(lib_a-puts.o)
                0x0000000000015a18                .puts
 .text          0x0000000000015a58        0x0 e:/psdk3v2/psdk3v2-master/ps3dev/ppu/bin/../lib/gcc/powerpc64-ps3-elf/4.5.2/../../../../powerpc64-ps3-elf/lib\libc.a(lib_a-rand.o)
 .text.srand    0x0000000000015a58       0x40 e:/psdk3v2/psdk3v2-master/ps3dev/ppu/bin/../lib/gcc/powerpc64-ps3-elf/4.5.2/../../../../powerpc64-ps3-elf/lib\libc.a(lib_a-rand.o)
                0x0000000000015a58                .srand
 .text.rand     0x0000000000015a98       0x78 e:/psdk3v2/psdk3v2-master/ps3dev/ppu/bin/../lib/gcc/powerpc64-ps3-elf/4.5.2/../../../../powerpc64-ps3-elf/lib\libc.a(lib_a-rand.o)
                0x0000000000015a98                .rand
 .text          0x0000000000015b10        0x0 e:/psdk3v2/psdk3v2-master/ps3dev/ppu/bin/../lib/gcc/powerpc64-ps3-elf/4.5.2/../../../../powerpc64-ps3-elf/lib\libc.a(lib_a-refill.o)
 .text.lflush   0x0000000000015b10       0x64 e:/psdk3v2/psdk3v2-master/ps3dev/ppu/bin/../lib/gcc/powerpc64-ps3-elf/4.5.2/../../../../powerpc64-ps3-elf/lib\libc.a(lib_a-refill.o)
 *fill*         0x0000000000015b74        0x4 60000000
 .text.__srefill_r
                0x0000000000015b78      0x26c e:/psdk3v2/psdk3v2-master/ps3dev/ppu/bin/../lib/gcc/powerpc64-ps3-elf/4.5.2/../../../../powerpc64-ps3-elf/lib\libc.a(lib_a-refill.o)
                0x0000000000015b78                .__srefill_r
 .text          0x0000000000015de4        0x0 e:/psdk3v2/psdk3v2-master/ps3dev/ppu/bin/../lib/gcc/powerpc64-ps3-elf/4.5.2/../../../../powerpc64-ps3-elf/lib\libc.a(lib_a-sprintf.o)
 *fill*         0x0000000000015de4        0x4 60000000
 .text._sprintf_r
                0x0000000000015de8       0x84 e:/psdk3v2/psdk3v2-master/ps3dev/ppu/bin/../lib/gcc/powerpc64-ps3-elf/4.5.2/../../../../powerpc64-ps3-elf/lib\libc.a(lib_a-sprintf.o)
                0x0000000000015de8                ._sprintf_r
 *fill*         0x0000000000015e6c        0x4 60000000
 .text.sprintf  0x0000000000015e70       0x9c e:/psdk3v2/psdk3v2-master/ps3dev/ppu/bin/../lib/gcc/powerpc64-ps3-elf/4.5.2/../../../../powerpc64-ps3-elf/lib\libc.a(lib_a-sprintf.o)
                0x0000000000015e70                .sprintf
 .text          0x0000000000015f0c        0x0 e:/psdk3v2/psdk3v2-master/ps3dev/ppu/bin/../lib/gcc/powerpc64-ps3-elf/4.5.2/../../../../powerpc64-ps3-elf/lib\libc.a(lib_a-stdio.o)
 *fill*         0x0000000000015f0c        0x4 60000000
 .text.__sread  0x0000000000015f10       0x80 e:/psdk3v2/psdk3v2-master/ps3dev/ppu/bin/../lib/gcc/powerpc64-ps3-elf/4.5.2/../../../../powerpc64-ps3-elf/lib\libc.a(lib_a-stdio.o)
                0x0000000000015f10                .__sread
 .text.__seofread
                0x0000000000015f90       0x14 e:/psdk3v2/psdk3v2-master/ps3dev/ppu/bin/../lib/gcc/powerpc64-ps3-elf/4.5.2/../../../../powerpc64-ps3-elf/lib\libc.a(lib_a-stdio.o)
                0x0000000000015f90                .__seofread
 *fill*         0x0000000000015fa4        0x4 60000000
 .text.__swrite
                0x0000000000015fa8       0xbc e:/psdk3v2/psdk3v2-master/ps3dev/ppu/bin/../lib/gcc/powerpc64-ps3-elf/4.5.2/../../../../powerpc64-ps3-elf/lib\libc.a(lib_a-stdio.o)
                0x0000000000015fa8                .__swrite
 *fill*         0x0000000000016064        0x4 60000000
 .text.__sseek  0x0000000000016068       0x88 e:/psdk3v2/psdk3v2-master/ps3dev/ppu/bin/../lib/gcc/powerpc64-ps3-elf/4.5.2/../../../../powerpc64-ps3-elf/lib\libc.a(lib_a-stdio.o)
                0x0000000000016068                .__sseek
 .text.__sclose
                0x00000000000160f0       0x3c e:/psdk3v2/psdk3v2-master/ps3dev/ppu/bin/../lib/gcc/powerpc64-ps3-elf/4.5.2/../../../../powerpc64-ps3-elf/lib\libc.a(lib_a-stdio.o)
                0x00000000000160f0                .__sclose
 .text          0x000000000001612c        0x0 e:/psdk3v2/psdk3v2-master/ps3dev/ppu/bin/../lib/gcc/powerpc64-ps3-elf/4.5.2/../../../../powerpc64-ps3-elf/lib\libc.a(lib_a-strlen.o)
 *fill*         0x000000000001612c        0x4 60000000
 .text.strlen   0x0000000000016130       0xe4 e:/psdk3v2/psdk3v2-master/ps3dev/ppu/bin/../lib/gcc/powerpc64-ps3-elf/4.5.2/../../../../powerpc64-ps3-elf/lib\libc.a(lib_a-strlen.o)
                0x0000000000016130                .strlen
 .text          0x0000000000016214        0x0 e:/psdk3v2/psdk3v2-master/ps3dev/ppu/bin/../lib/gcc/powerpc64-ps3-elf/4.5.2/../../../../powerpc64-ps3-elf/lib\libc.a(lib_a-svfprintf.o)
 *fill*         0x0000000000016214        0x4 60000000
 .text._svfprintf_r
                0x0000000000016218     0x2120 e:/psdk3v2/psdk3v2-master/ps3dev/ppu/bin/../lib/gcc/powerpc64-ps3-elf/4.5.2/../../../../powerpc64-ps3-elf/lib\libc.a(lib_a-svfprintf.o)
                0x0000000000016218                ._svfprintf_r
 .text          0x0000000000018338        0x0 e:/psdk3v2/psdk3v2-master/ps3dev/ppu/bin/../lib/gcc/powerpc64-ps3-elf/4.5.2/../../../../powerpc64-ps3-elf/lib\libc.a(lib_a-time.o)
 .text.time     0x0000000000018338       0x84 e:/psdk3v2/psdk3v2-master/ps3dev/ppu/bin/../lib/gcc/powerpc64-ps3-elf/4.5.2/../../../../powerpc64-ps3-elf/lib\libc.a(lib_a-time.o)
                0x0000000000018338                .time
 .text          0x00000000000183bc        0x0 e:/psdk3v2/psdk3v2-master/ps3dev/ppu/bin/../lib/gcc/powerpc64-ps3-elf/4.5.2/../../../../powerpc64-ps3-elf/lib\libc.a(lib_a-vfprintf.o)
 *fill*         0x00000000000183bc        0x4 60000000
 .text._vfprintf_r
                0x00000000000183c0     0x22b0 e:/psdk3v2/psdk3v2-master/ps3dev/ppu/bin/../lib/gcc/powerpc64-ps3-elf/4.5.2/../../../../powerpc64-ps3-elf/lib\libc.a(lib_a-vfprintf.o)
                0x00000000000183c0                ._vfprintf_r
 .text.vfprintf
                0x000000000001a670       0x60 e:/psdk3v2/psdk3v2-master/ps3dev/ppu/bin/../lib/gcc/powerpc64-ps3-elf/4.5.2/../../../../powerpc64-ps3-elf/lib\libc.a(lib_a-vfprintf.o)
                0x000000000001a670                .vfprintf
 .text          0x000000000001a6d0        0x0 e:/psdk3v2/psdk3v2-master/ps3dev/ppu/bin/../lib/gcc/powerpc64-ps3-elf/4.5.2/../../../../powerpc64-ps3-elf/lib\libc.a(lib_a-wsetup.o)
 .text.__swsetup_r
                0x000000000001a6d0      0x1d4 e:/psdk3v2/psdk3v2-master/ps3dev/ppu/bin/../lib/gcc/powerpc64-ps3-elf/4.5.2/../../../../powerpc64-ps3-elf/lib\libc.a(lib_a-wsetup.o)
                0x000000000001a6d0                .__swsetup_r
 .text          0x000000000001a8a4        0x0 e:/psdk3v2/psdk3v2-master/ps3dev/ppu/bin/../lib/gcc/powerpc64-ps3-elf/4.5.2/../../../../powerpc64-ps3-elf/lib\libc.a(lib_a-__call_atexit.o)
 *fill*         0x000000000001a8a4        0x4 60000000
 .text.__call_exitprocs
                0x000000000001a8a8      0x250 e:/psdk3v2/psdk3v2-master/ps3dev/ppu/bin/../lib/gcc/powerpc64-ps3-elf/4.5.2/../../../../powerpc64-ps3-elf/lib\libc.a(lib_a-__call_atexit.o)
                0x000000000001a8a8                .__call_exitprocs
 .text          0x000000000001aaf8        0x0 e:/psdk3v2/psdk3v2-master/ps3dev/ppu/bin/../lib/gcc/powerpc64-ps3-elf/4.5.2/../../../../powerpc64-ps3-elf/lib\libc.a(lib_a-dtoa.o)
 .text.quorem   0x000000000001aaf8      0x258 e:/psdk3v2/psdk3v2-master/ps3dev/ppu/bin/../lib/gcc/powerpc64-ps3-elf/4.5.2/../../../../powerpc64-ps3-elf/lib\libc.a(lib_a-dtoa.o)
 .text._dtoa_r  0x000000000001ad50     0x1328 e:/psdk3v2/psdk3v2-master/ps3dev/ppu/bin/../lib/gcc/powerpc64-ps3-elf/4.5.2/../../../../powerpc64-ps3-elf/lib\libc.a(lib_a-dtoa.o)
                0x000000000001ad50                ._dtoa_r
 .text          0x000000000001c078        0x0 e:/psdk3v2/psdk3v2-master/ps3dev/ppu/bin/../lib/gcc/powerpc64-ps3-elf/4.5.2/../../../../powerpc64-ps3-elf/lib\libc.a(lib_a-flags.o)
 .text.__sflags
                0x000000000001c078       0xb4 e:/psdk3v2/psdk3v2-master/ps3dev/ppu/bin/../lib/gcc/powerpc64-ps3-elf/4.5.2/../../../../powerpc64-ps3-elf/lib\libc.a(lib_a-flags.o)
                0x000000000001c078                .__sflags
 .text          0x000000000001c12c        0x0 e:/psdk3v2/psdk3v2-master/ps3dev/ppu/bin/../lib/gcc/powerpc64-ps3-elf/4.5.2/../../../../powerpc64-ps3-elf/lib\libc.a(lib_a-fvwrite.o)
 *fill*         0x000000000001c12c        0x4 60000000
 .text.__sfvwrite_r
                0x000000000001c130      0x684 e:/psdk3v2/psdk3v2-master/ps3dev/ppu/bin/../lib/gcc/powerpc64-ps3-elf/4.5.2/../../../../powerpc64-ps3-elf/lib\libc.a(lib_a-fvwrite.o)
                0x000000000001c130                .__sfvwrite_r
 .text          0x000000000001c7b4        0x0 e:/psdk3v2/psdk3v2-master/ps3dev/ppu/bin/../lib/gcc/powerpc64-ps3-elf/4.5.2/../../../../powerpc64-ps3-elf/lib\libc.a(lib_a-locale.o)
 *fill*         0x000000000001c7b4        0x4 60000000
 .text._setlocale_r
                0x000000000001c7b8       0xa8 e:/psdk3v2/psdk3v2-master/ps3dev/ppu/bin/../lib/gcc/powerpc64-ps3-elf/4.5.2/../../../../powerpc64-ps3-elf/lib\libc.a(lib_a-locale.o)
                0x000000000001c7b8                ._setlocale_r
 .text.__locale_charset
                0x000000000001c860       0x14 e:/psdk3v2/psdk3v2-master/ps3dev/ppu/bin/../lib/gcc/powerpc64-ps3-elf/4.5.2/../../../../powerpc64-ps3-elf/lib\libc.a(lib_a-locale.o)
                0x000000000001c860                .__locale_charset
 *fill*         0x000000000001c874        0x4 60000000
 .text.__locale_mb_cur_max
                0x000000000001c878       0x1c e:/psdk3v2/psdk3v2-master/ps3dev/ppu/bin/../lib/gcc/powerpc64-ps3-elf/4.5.2/../../../../powerpc64-ps3-elf/lib\libc.a(lib_a-locale.o)
                0x000000000001c878                .__locale_mb_cur_max
 *fill*         0x000000000001c894        0x4 60000000
 .text.__locale_msgcharset
                0x000000000001c898       0x14 e:/psdk3v2/psdk3v2-master/ps3dev/ppu/bin/../lib/gcc/powerpc64-ps3-elf/4.5.2/../../../../powerpc64-ps3-elf/lib\libc.a(lib_a-locale.o)
                0x000000000001c898                .__locale_msgcharset
 *fill*         0x000000000001c8ac        0x4 60000000
 .text.__locale_cjk_lang
                0x000000000001c8b0       0x14 e:/psdk3v2/psdk3v2-master/ps3dev/ppu/bin/../lib/gcc/powerpc64-ps3-elf/4.5.2/../../../../powerpc64-ps3-elf/lib\libc.a(lib_a-locale.o)
                0x000000000001c8b0                .__locale_cjk_lang
 *fill*         0x000000000001c8c4        0x4 60000000
 .text._localeconv_r
                0x000000000001c8c8       0x14 e:/psdk3v2/psdk3v2-master/ps3dev/ppu/bin/../lib/gcc/powerpc64-ps3-elf/4.5.2/../../../../powerpc64-ps3-elf/lib\libc.a(lib_a-locale.o)
                0x000000000001c8c8                ._localeconv_r
 *fill*         0x000000000001c8dc        0x4 60000000
 .text.setlocale
                0x000000000001c8e0       0x50 e:/psdk3v2/psdk3v2-master/ps3dev/ppu/bin/../lib/gcc/powerpc64-ps3-elf/4.5.2/../../../../powerpc64-ps3-elf/lib\libc.a(lib_a-locale.o)
                0x000000000001c8e0                .setlocale
 .text.localeconv
                0x000000000001c930       0x34 e:/psdk3v2/psdk3v2-master/ps3dev/ppu/bin/../lib/gcc/powerpc64-ps3-elf/4.5.2/../../../../powerpc64-ps3-elf/lib\libc.a(lib_a-locale.o)
                0x000000000001c930                .localeconv
 .text          0x000000000001c964        0x0 e:/psdk3v2/psdk3v2-master/ps3dev/ppu/bin/../lib/gcc/powerpc64-ps3-elf/4.5.2/../../../../powerpc64-ps3-elf/lib\libc.a(lib_a-lock_internal.o)
 *fill*         0x000000000001c964        0x4 60000000
 .text.init_metalock
                0x000000000001c968       0x48 e:/psdk3v2/psdk3v2-master/ps3dev/ppu/bin/../lib/gcc/powerpc64-ps3-elf/4.5.2/../../../../powerpc64-ps3-elf/lib\libc.a(lib_a-lock_internal.o)
 .text.__libc_auto_lock_allocate
                0x000000000001c9b0       0x9c e:/psdk3v2/psdk3v2-master/ps3dev/ppu/bin/../lib/gcc/powerpc64-ps3-elf/4.5.2/../../../../powerpc64-ps3-elf/lib\libc.a(lib_a-lock_internal.o)
                0x000000000001c9b0                .__libc_auto_lock_allocate
 .text          0x000000000001ca4c        0x0 e:/psdk3v2/psdk3v2-master/ps3dev/ppu/bin/../lib/gcc/powerpc64-ps3-elf/4.5.2/../../../../powerpc64-ps3-elf/lib\libc.a(lib_a-memmove.o)
 *fill*         0x000000000001ca4c        0x4 60000000
 .text.memmove  0x000000000001ca50      0x130 e:/psdk3v2/psdk3v2-master/ps3dev/ppu/bin/../lib/gcc/powerpc64-ps3-elf/4.5.2/../../../../powerpc64-ps3-elf/lib\libc.a(lib_a-memmove.o)
                0x000000000001ca50                .memmove
 .text          0x000000000001cb80        0x0 e:/psdk3v2/psdk3v2-master/ps3dev/ppu/bin/../lib/gcc/powerpc64-ps3-elf/4.5.2/../../../../powerpc64-ps3-elf/lib\libc.a(lib_a-mprec.o)
 .text._Balloc  0x000000000001cb80       0xd4 e:/psdk3v2/psdk3v2-master/ps3dev/ppu/bin/../lib/gcc/powerpc64-ps3-elf/4.5.2/../../../../powerpc64-ps3-elf/lib\libc.a(lib_a-mprec.o)
                0x000000000001cb80                ._Balloc
 *fill*         0x000000000001cc54        0x4 60000000
 .text._Bfree   0x000000000001cc58       0x34 e:/psdk3v2/psdk3v2-master/ps3dev/ppu/bin/../lib/gcc/powerpc64-ps3-elf/4.5.2/../../../../powerpc64-ps3-elf/lib\libc.a(lib_a-mprec.o)
                0x000000000001cc58                ._Bfree
 *fill*         0x000000000001cc8c        0x4 60000000
 .text.__multadd
                0x000000000001cc90      0x164 e:/psdk3v2/psdk3v2-master/ps3dev/ppu/bin/../lib/gcc/powerpc64-ps3-elf/4.5.2/../../../../powerpc64-ps3-elf/lib\libc.a(lib_a-mprec.o)
                0x000000000001cc90                .__multadd
 *fill*         0x000000000001cdf4        0x4 60000000
 .text.__s2b    0x000000000001cdf8      0x164 e:/psdk3v2/psdk3v2-master/ps3dev/ppu/bin/../lib/gcc/powerpc64-ps3-elf/4.5.2/../../../../powerpc64-ps3-elf/lib\libc.a(lib_a-mprec.o)
                0x000000000001cdf8                .__s2b
 *fill*         0x000000000001cf5c        0x4 60000000
 .text.__hi0bits
                0x000000000001cf60       0x94 e:/psdk3v2/psdk3v2-master/ps3dev/ppu/bin/../lib/gcc/powerpc64-ps3-elf/4.5.2/../../../../powerpc64-ps3-elf/lib\libc.a(lib_a-mprec.o)
                0x000000000001cf60                .__hi0bits
 *fill*         0x000000000001cff4        0x4 60000000
 .text.__lo0bits
                0x000000000001cff8       0xec e:/psdk3v2/psdk3v2-master/ps3dev/ppu/bin/../lib/gcc/powerpc64-ps3-elf/4.5.2/../../../../powerpc64-ps3-elf/lib\libc.a(lib_a-mprec.o)
                0x000000000001cff8                .__lo0bits
 *fill*         0x000000000001d0e4        0x4 60000000
 .text.__i2b    0x000000000001d0e8       0x48 e:/psdk3v2/psdk3v2-master/ps3dev/ppu/bin/../lib/gcc/powerpc64-ps3-elf/4.5.2/../../../../powerpc64-ps3-elf/lib\libc.a(lib_a-mprec.o)
                0x000000000001d0e8                .__i2b
 .text.__multiply
                0x000000000001d130      0x2a0 e:/psdk3v2/psdk3v2-master/ps3dev/ppu/bin/../lib/gcc/powerpc64-ps3-elf/4.5.2/../../../../powerpc64-ps3-elf/lib\libc.a(lib_a-mprec.o)
                0x000000000001d130                .__multiply
 .text.__pow5mult
                0x000000000001d3d0      0x15c e:/psdk3v2/psdk3v2-master/ps3dev/ppu/bin/../lib/gcc/powerpc64-ps3-elf/4.5.2/../../../../powerpc64-ps3-elf/lib\libc.a(lib_a-mprec.o)
                0x000000000001d3d0                .__pow5mult
 *fill*         0x000000000001d52c        0x4 60000000
 .text.__lshift
                0x000000000001d530      0x1c8 e:/psdk3v2/psdk3v2-master/ps3dev/ppu/bin/../lib/gcc/powerpc64-ps3-elf/4.5.2/../../../../powerpc64-ps3-elf/lib\libc.a(lib_a-mprec.o)
                0x000000000001d530                .__lshift
 .text.__mcmp   0x000000000001d6f8       0x84 e:/psdk3v2/psdk3v2-master/ps3dev/ppu/bin/../lib/gcc/powerpc64-ps3-elf/4.5.2/../../../../powerpc64-ps3-elf/lib\libc.a(lib_a-mprec.o)
                0x000000000001d6f8                .__mcmp
 *fill*         0x000000000001d77c        0x4 60000000
 .text.__mdiff  0x000000000001d780      0x1fc e:/psdk3v2/psdk3v2-master/ps3dev/ppu/bin/../lib/gcc/powerpc64-ps3-elf/4.5.2/../../../../powerpc64-ps3-elf/lib\libc.a(lib_a-mprec.o)
                0x000000000001d780                .__mdiff
 *fill*         0x000000000001d97c        0x4 60000000
 .text.__ulp    0x000000000001d980       0xb8 e:/psdk3v2/psdk3v2-master/ps3dev/ppu/bin/../lib/gcc/powerpc64-ps3-elf/4.5.2/../../../../powerpc64-ps3-elf/lib\libc.a(lib_a-mprec.o)
                0x000000000001d980                .__ulp
 .text.__b2d    0x000000000001da38      0x1c0 e:/psdk3v2/psdk3v2-master/ps3dev/ppu/bin/../lib/gcc/powerpc64-ps3-elf/4.5.2/../../../../powerpc64-ps3-elf/lib\libc.a(lib_a-mprec.o)
                0x000000000001da38                .__b2d
 .text.__d2b    0x000000000001dbf8      0x1ac e:/psdk3v2/psdk3v2-master/ps3dev/ppu/bin/../lib/gcc/powerpc64-ps3-elf/4.5.2/../../../../powerpc64-ps3-elf/lib\libc.a(lib_a-mprec.o)
                0x000000000001dbf8                .__d2b
 *fill*         0x000000000001dda4        0x4 60000000
 .text.__ratio  0x000000000001dda8       0xf8 e:/psdk3v2/psdk3v2-master/ps3dev/ppu/bin/../lib/gcc/powerpc64-ps3-elf/4.5.2/../../../../powerpc64-ps3-elf/lib\libc.a(lib_a-mprec.o)
                0x000000000001dda8                .__ratio
 .text._mprec_log10
                0x000000000001dea0       0x4c e:/psdk3v2/psdk3v2-master/ps3dev/ppu/bin/../lib/gcc/powerpc64-ps3-elf/4.5.2/../../../../powerpc64-ps3-elf/lib\libc.a(lib_a-mprec.o)
                0x000000000001dea0                ._mprec_log10
 *fill*         0x000000000001deec        0x4 60000000
 .text.__copybits
                0x000000000001def0       0x98 e:/psdk3v2/psdk3v2-master/ps3dev/ppu/bin/../lib/gcc/powerpc64-ps3-elf/4.5.2/../../../../powerpc64-ps3-elf/lib\libc.a(lib_a-mprec.o)
                0x000000000001def0                .__copybits
 .text.__any_on
                0x000000000001df88       0xf4 e:/psdk3v2/psdk3v2-master/ps3dev/ppu/bin/../lib/gcc/powerpc64-ps3-elf/4.5.2/../../../../powerpc64-ps3-elf/lib\libc.a(lib_a-mprec.o)
                0x000000000001df88                .__any_on
 .text          0x000000000001e07c        0x0 e:/psdk3v2/psdk3v2-master/ps3dev/ppu/bin/../lib/gcc/powerpc64-ps3-elf/4.5.2/../../../../powerpc64-ps3-elf/lib\libc.a(lib_a-putc.o)
 *fill*         0x000000000001e07c        0x4 60000000
 .text._putc_r  0x000000000001e080      0x160 e:/psdk3v2/psdk3v2-master/ps3dev/ppu/bin/../lib/gcc/powerpc64-ps3-elf/4.5.2/../../../../powerpc64-ps3-elf/lib\libc.a(lib_a-putc.o)
                0x000000000001e080                ._putc_r
 .text.putc     0x000000000001e1e0      0x17c e:/psdk3v2/psdk3v2-master/ps3dev/ppu/bin/../lib/gcc/powerpc64-ps3-elf/4.5.2/../../../../powerpc64-ps3-elf/lib\libc.a(lib_a-putc.o)
                0x000000000001e1e0                .putc
 .text          0x000000000001e35c        0x0 e:/psdk3v2/psdk3v2-master/ps3dev/ppu/bin/../lib/gcc/powerpc64-ps3-elf/4.5.2/../../../../powerpc64-ps3-elf/lib\libc.a(lib_a-reallocr.o)
 *fill*         0x000000000001e35c        0x4 60000000
 .text._realloc_r
                0x000000000001e360      0x710 e:/psdk3v2/psdk3v2-master/ps3dev/ppu/bin/../lib/gcc/powerpc64-ps3-elf/4.5.2/../../../../powerpc64-ps3-elf/lib\libc.a(lib_a-reallocr.o)
                0x000000000001e360                ._realloc_r
 .text          0x000000000001ea70        0x0 e:/psdk3v2/psdk3v2-master/ps3dev/ppu/bin/../lib/gcc/powerpc64-ps3-elf/4.5.2/../../../../powerpc64-ps3-elf/lib\libc.a(lib_a-s_fpclassify.o)
 .text.__fpclassifyd
                0x000000000001ea70       0xc4 e:/psdk3v2/psdk3v2-master/ps3dev/ppu/bin/../lib/gcc/powerpc64-ps3-elf/4.5.2/../../../../powerpc64-ps3-elf/lib\libc.a(lib_a-s_fpclassify.o)
                0x000000000001ea70                .__fpclassifyd
 .text          0x000000000001eb34        0x0 e:/psdk3v2/psdk3v2-master/ps3dev/ppu/bin/../lib/gcc/powerpc64-ps3-elf/4.5.2/../../../../powerpc64-ps3-elf/lib\libc.a(lib_a-strcmp.o)
 *fill*         0x000000000001eb34        0x4 60000000
 .text.strcmp   0x000000000001eb38       0xfc e:/psdk3v2/psdk3v2-master/ps3dev/ppu/bin/../lib/gcc/powerpc64-ps3-elf/4.5.2/../../../../powerpc64-ps3-elf/lib\libc.a(lib_a-strcmp.o)
                0x000000000001eb38                .strcmp
 .text          0x000000000001ec34        0x0 e:/psdk3v2/psdk3v2-master/ps3dev/ppu/bin/../lib/gcc/powerpc64-ps3-elf/4.5.2/../../../../powerpc64-ps3-elf/lib\libc.a(lib_a-svfiprintf.o)
 *fill*         0x000000000001ec34        0x4 60000000
 .text.__ssprint_r
                0x000000000001ec38      0x300 e:/psdk3v2/psdk3v2-master/ps3dev/ppu/bin/../lib/gcc/powerpc64-ps3-elf/4.5.2/../../../../powerpc64-ps3-elf/lib\libc.a(lib_a-svfiprintf.o)
                0x000000000001ec38                .__ssprint_r
 .text._svfiprintf_r
                0x000000000001ef38     0x1064 e:/psdk3v2/psdk3v2-master/ps3dev/ppu/bin/../lib/gcc/powerpc64-ps3-elf/4.5.2/../../../../powerpc64-ps3-elf/lib\libc.a(lib_a-svfiprintf.o)
                0x000000000001ef38                ._svfiprintf_r
 .text          0x000000000001ff9c        0x0 e:/psdk3v2/psdk3v2-master/ps3dev/ppu/bin/../lib/gcc/powerpc64-ps3-elf/4.5.2/../../../../powerpc64-ps3-elf/lib\libc.a(lib_a-vfiprintf.o)
 *fill*         0x000000000001ff9c        0x4 60000000
 .text.__sprint_r
                0x000000000001ffa0      0x160 e:/psdk3v2/psdk3v2-master/ps3dev/ppu/bin/../lib/gcc/powerpc64-ps3-elf/4.5.2/../../../../powerpc64-ps3-elf/lib\libc.a(lib_a-vfiprintf.o)
                0x000000000001ffa0                .__sprint_r
 .text._vfiprintf_r
                0x0000000000020100     0x1248 e:/psdk3v2/psdk3v2-master/ps3dev/ppu/bin/../lib/gcc/powerpc64-ps3-elf/4.5.2/../../../../powerpc64-ps3-elf/lib\libc.a(lib_a-vfiprintf.o)
                0x0000000000020100                ._vfiprintf_r
 .text.vfiprintf
                0x0000000000021348       0x60 e:/psdk3v2/psdk3v2-master/ps3dev/ppu/bin/../lib/gcc/powerpc64-ps3-elf/4.5.2/../../../../powerpc64-ps3-elf/lib\libc.a(lib_a-vfiprintf.o)
                0x0000000000021348                .vfiprintf
 .text          0x00000000000213a8        0x0 e:/psdk3v2/psdk3v2-master/ps3dev/ppu/bin/../lib/gcc/powerpc64-ps3-elf/4.5.2/../../../../powerpc64-ps3-elf/lib\libc.a(lib_a-wbuf.o)
 .text.__swbuf_r
                0x00000000000213a8      0x1c8 e:/psdk3v2/psdk3v2-master/ps3dev/ppu/bin/../lib/gcc/powerpc64-ps3-elf/4.5.2/../../../../powerpc64-ps3-elf/lib\libc.a(lib_a-wbuf.o)
                0x00000000000213a8                .__swbuf_r
 .text.__swbuf  0x0000000000021570       0x50 e:/psdk3v2/psdk3v2-master/ps3dev/ppu/bin/../lib/gcc/powerpc64-ps3-elf/4.5.2/../../../../powerpc64-ps3-elf/lib\libc.a(lib_a-wbuf.o)
                0x0000000000021570                .__swbuf
 .text          0x00000000000215c0        0x0 e:/psdk3v2/psdk3v2-master/ps3dev/ppu/bin/../lib/gcc/powerpc64-ps3-elf/4.5.2/../../../../powerpc64-ps3-elf/lib\libc.a(lib_a-__atexit.o)
 .text.__register_exitproc
                0x00000000000215c0      0x188 e:/psdk3v2/psdk3v2-master/ps3dev/ppu/bin/../lib/gcc/powerpc64-ps3-elf/4.5.2/../../../../powerpc64-ps3-elf/lib\libc.a(lib_a-__atexit.o)
                0x00000000000215c0                .__register_exitproc
 .text          0x0000000000021748        0x0 e:/psdk3v2/psdk3v2-master/ps3dev/ppu/bin/../lib/gcc/powerpc64-ps3-elf/4.5.2/../../../../powerpc64-ps3-elf/lib\libc.a(lib_a-abort.o)
 .text.abort    0x0000000000021748       0x30 e:/psdk3v2/psdk3v2-master/ps3dev/ppu/bin/../lib/gcc/powerpc64-ps3-elf/4.5.2/../../../../powerpc64-ps3-elf/lib\libc.a(lib_a-abort.o)
                0x0000000000021748                .abort
 .text          0x0000000000021778        0x0 e:/psdk3v2/psdk3v2-master/ps3dev/ppu/bin/../lib/gcc/powerpc64-ps3-elf/4.5.2/../../../../powerpc64-ps3-elf/lib\libc.a(lib_a-callocr.o)
 .text._calloc_r
                0x0000000000021778       0xe8 e:/psdk3v2/psdk3v2-master/ps3dev/ppu/bin/../lib/gcc/powerpc64-ps3-elf/4.5.2/../../../../powerpc64-ps3-elf/lib\libc.a(lib_a-callocr.o)
                0x0000000000021778                ._calloc_r
 .text          0x0000000000021860        0x0 e:/psdk3v2/psdk3v2-master/ps3dev/ppu/bin/../lib/gcc/powerpc64-ps3-elf/4.5.2/../../../../powerpc64-ps3-elf/lib\libc.a(lib_a-fputwc.o)
 .text._fputwc_r
                0x0000000000021860      0x234 e:/psdk3v2/psdk3v2-master/ps3dev/ppu/bin/../lib/gcc/powerpc64-ps3-elf/4.5.2/../../../../powerpc64-ps3-elf/lib\libc.a(lib_a-fputwc.o)
                0x0000000000021860                ._fputwc_r
 *fill*         0x0000000000021a94        0x4 60000000
 .text.fputwc   0x0000000000021a98       0xac e:/psdk3v2/psdk3v2-master/ps3dev/ppu/bin/../lib/gcc/powerpc64-ps3-elf/4.5.2/../../../../powerpc64-ps3-elf/lib\libc.a(lib_a-fputwc.o)
                0x0000000000021a98                .fputwc
 .text          0x0000000000021b44        0x0 e:/psdk3v2/psdk3v2-master/ps3dev/ppu/bin/../lib/gcc/powerpc64-ps3-elf/4.5.2/../../../../powerpc64-ps3-elf/lib\libc.a(lib_a-signal.o)
 *fill*         0x0000000000021b44        0x4 60000000
 .text._init_signal_r
                0x0000000000021b48       0x84 e:/psdk3v2/psdk3v2-master/ps3dev/ppu/bin/../lib/gcc/powerpc64-ps3-elf/4.5.2/../../../../powerpc64-ps3-elf/lib\libc.a(lib_a-signal.o)
                0x0000000000021b48                ._init_signal_r
 *fill*         0x0000000000021bcc        0x4 60000000
 .text._signal_r
                0x0000000000021bd0       0x9c e:/psdk3v2/psdk3v2-master/ps3dev/ppu/bin/../lib/gcc/powerpc64-ps3-elf/4.5.2/../../../../powerpc64-ps3-elf/lib\libc.a(lib_a-signal.o)
                0x0000000000021bd0                ._signal_r
 *fill*         0x0000000000021c6c        0x4 60000000
 .text._raise_r
                0x0000000000021c70      0x114 e:/psdk3v2/psdk3v2-master/ps3dev/ppu/bin/../lib/gcc/powerpc64-ps3-elf/4.5.2/../../../../powerpc64-ps3-elf/lib\libc.a(lib_a-signal.o)
                0x0000000000021c70                ._raise_r
 *fill*         0x0000000000021d84        0x4 60000000
 .text.__sigtramp_r
                0x0000000000021d88       0xd0 e:/psdk3v2/psdk3v2-master/ps3dev/ppu/bin/../lib/gcc/powerpc64-ps3-elf/4.5.2/../../../../powerpc64-ps3-elf/lib\libc.a(lib_a-signal.o)
                0x0000000000021d88                .__sigtramp_r
 .text.raise    0x0000000000021e58       0x40 e:/psdk3v2/psdk3v2-master/ps3dev/ppu/bin/../lib/gcc/powerpc64-ps3-elf/4.5.2/../../../../powerpc64-ps3-elf/lib\libc.a(lib_a-signal.o)
                0x0000000000021e58                .raise
 .text.signal   0x0000000000021e98       0x50 e:/psdk3v2/psdk3v2-master/ps3dev/ppu/bin/../lib/gcc/powerpc64-ps3-elf/4.5.2/../../../../powerpc64-ps3-elf/lib\libc.a(lib_a-signal.o)
                0x0000000000021e98                .signal
 .text._init_signal
                0x0000000000021ee8       0x30 e:/psdk3v2/psdk3v2-master/ps3dev/ppu/bin/../lib/gcc/powerpc64-ps3-elf/4.5.2/../../../../powerpc64-ps3-elf/lib\libc.a(lib_a-signal.o)
                0x0000000000021ee8                ._init_signal
 .text.__sigtramp
                0x0000000000021f18       0x40 e:/psdk3v2/psdk3v2-master/ps3dev/ppu/bin/../lib/gcc/powerpc64-ps3-elf/4.5.2/../../../../powerpc64-ps3-elf/lib\libc.a(lib_a-signal.o)
                0x0000000000021f18                .__sigtramp
 .text          0x0000000000021f58        0x0 e:/psdk3v2/psdk3v2-master/ps3dev/ppu/bin/../lib/gcc/powerpc64-ps3-elf/4.5.2/../../../../powerpc64-ps3-elf/lib\libc.a(lib_a-wcrtomb.o)
 .text._wcrtomb_r
                0x0000000000021f58      0x100 e:/psdk3v2/psdk3v2-master/ps3dev/ppu/bin/../lib/gcc/powerpc64-ps3-elf/4.5.2/../../../../powerpc64-ps3-elf/lib\libc.a(lib_a-wcrtomb.o)
                0x0000000000021f58                ._wcrtomb_r
 .text.wcrtomb  0x0000000000022058      0x15c e:/psdk3v2/psdk3v2-master/ps3dev/ppu/bin/../lib/gcc/powerpc64-ps3-elf/4.5.2/../../../../powerpc64-ps3-elf/lib\libc.a(lib_a-wcrtomb.o)
                0x0000000000022058                .wcrtomb
 .text          0x00000000000221b4        0x0 e:/psdk3v2/psdk3v2-master/ps3dev/ppu/bin/../lib/gcc/powerpc64-ps3-elf/4.5.2/../../../../powerpc64-ps3-elf/lib\libc.a(lib_a-wctomb_r.o)
 *fill*         0x00000000000221b4        0x4 60000000
 .text.__ascii_wctomb
                0x00000000000221b8       0x44 e:/psdk3v2/psdk3v2-master/ps3dev/ppu/bin/../lib/gcc/powerpc64-ps3-elf/4.5.2/../../../../powerpc64-ps3-elf/lib\libc.a(lib_a-wctomb_r.o)
                0x00000000000221b8                .__ascii_wctomb
 *fill*         0x00000000000221fc        0x4 60000000
 .text._wctomb_r
                0x0000000000022200       0x90 e:/psdk3v2/psdk3v2-master/ps3dev/ppu/bin/../lib/gcc/powerpc64-ps3-elf/4.5.2/../../../../powerpc64-ps3-elf/lib\libc.a(lib_a-wctomb_r.o)
                0x0000000000022200                ._wctomb_r
 .text          0x0000000000022290        0x0 e:/PSDK3v2/PSDK3v2-master/psl1ght/ppu/lib\librt.a(sbrk.o)
 .text.sbrk_init
                0x0000000000022290       0xc4 e:/PSDK3v2/PSDK3v2-master/psl1ght/ppu/lib\librt.a(sbrk.o)
 *fill*         0x0000000000022354        0x4 60000000
 .text.sbrk_deinit
                0x0000000000022358       0xbc e:/PSDK3v2/PSDK3v2-master/psl1ght/ppu/lib\librt.a(sbrk.o)
 *fill*         0x0000000000022414        0x4 60000000
 .text.__librt_sbrk_r
                0x0000000000022418      0x324 e:/PSDK3v2/PSDK3v2-master/psl1ght/ppu/lib\librt.a(sbrk.o)
                0x0000000000022418                .__librt_sbrk_r
 .text          0x000000000002273c        0x0 e:/PSDK3v2/PSDK3v2-master/psl1ght/ppu/lib\librt.a(exit.o)
 *fill*         0x000000000002273c        0x4 60000000
 .text.__librt_exit
                0x0000000000022740       0x30 e:/PSDK3v2/PSDK3v2-master/psl1ght/ppu/lib\librt.a(exit.o)
                0x0000000000022740                .__librt_exit
 .text          0x0000000000022770        0x0 e:/PSDK3v2/PSDK3v2-master/psl1ght/ppu/lib\librt.a(close.o)
 .text.__librt_close_r
                0x0000000000022770       0x8c e:/PSDK3v2/PSDK3v2-master/psl1ght/ppu/lib\librt.a(close.o)
                0x0000000000022770                .__librt_close_r
 .text          0x00000000000227fc        0x0 e:/PSDK3v2/PSDK3v2-master/psl1ght/ppu/lib\librt.a(lseek.o)
 *fill*         0x00000000000227fc        0x4 60000000
 .text.__librt_lseek_r
                0x0000000000022800       0x8c e:/PSDK3v2/PSDK3v2-master/psl1ght/ppu/lib\librt.a(lseek.o)
                0x0000000000022800                .__librt_lseek_r
 *fill*         0x000000000002288c        0x4 60000000
 .text.__librt_lseek64_r
                0x0000000000022890       0x8c e:/PSDK3v2/PSDK3v2-master/psl1ght/ppu/lib\librt.a(lseek.o)
                0x0000000000022890                .__librt_lseek64_r
 .text          0x000000000002291c        0x0 e:/PSDK3v2/PSDK3v2-master/psl1ght/ppu/lib\librt.a(read.o)
 *fill*         0x000000000002291c        0x4 60000000
 .text.__librt_read_r
                0x0000000000022920      0x11c e:/PSDK3v2/PSDK3v2-master/psl1ght/ppu/lib\librt.a(read.o)
                0x0000000000022920                .__librt_read_r
 .text          0x0000000000022a3c        0x0 e:/PSDK3v2/PSDK3v2-master/psl1ght/ppu/lib\librt.a(open.o)
 *fill*         0x0000000000022a3c        0x4 60000000
 .text.__librt_open_r
                0x0000000000022a40      0x180 e:/PSDK3v2/PSDK3v2-master/psl1ght/ppu/lib\librt.a(open.o)
                0x0000000000022a40                .__librt_open_r
 .text          0x0000000000022bc0        0x0 e:/PSDK3v2/PSDK3v2-master/psl1ght/ppu/lib\librt.a(sleep.o)
 .text.__librt_usleep_r
                0x0000000000022bc0       0x50 e:/PSDK3v2/PSDK3v2-master/psl1ght/ppu/lib\librt.a(sleep.o)
                0x0000000000022bc0                .__librt_usleep_r
 .text.__librt_sleep_r
                0x0000000000022c10       0x8c e:/PSDK3v2/PSDK3v2-master/psl1ght/ppu/lib\librt.a(sleep.o)
                0x0000000000022c10                .__librt_sleep_r
 .text          0x0000000000022c9c        0x0 e:/PSDK3v2/PSDK3v2-master/psl1ght/ppu/lib\librt.a(write.o)
 *fill*         0x0000000000022c9c        0x4 60000000
 .text.__librt_write_r
                0x0000000000022ca0      0x11c e:/PSDK3v2/PSDK3v2-master/psl1ght/ppu/lib\librt.a(write.o)
                0x0000000000022ca0                .__librt_write_r
 .text          0x0000000000022dbc        0x0 e:/PSDK3v2/PSDK3v2-master/psl1ght/ppu/lib\librt.a(fstat.o)
 *fill*         0x0000000000022dbc        0x4 60000000
 .text.__librt_fstat_r
                0x0000000000022dc0       0xd0 e:/PSDK3v2/PSDK3v2-master/psl1ght/ppu/lib\librt.a(fstat.o)
                0x0000000000022dc0                .__librt_fstat_r
 .text.__librt_fstat64_r
                0x0000000000022e90       0xd0 e:/PSDK3v2/PSDK3v2-master/psl1ght/ppu/lib\librt.a(fstat.o)
                0x0000000000022e90                .__librt_fstat64_r
 .text.__librt_stat_r
                0x0000000000022f60       0xd0 e:/PSDK3v2/PSDK3v2-master/psl1ght/ppu/lib\librt.a(fstat.o)
                0x0000000000022f60                .__librt_stat_r
 .text.__librt_stat64_r
                0x0000000000023030       0xd0 e:/PSDK3v2/PSDK3v2-master/psl1ght/ppu/lib\librt.a(fstat.o)
                0x0000000000023030                .__librt_stat64_r
 .text          0x0000000000023100        0x0 e:/PSDK3v2/PSDK3v2-master/psl1ght/ppu/lib\librt.a(socket.o)
 .text.accept   0x0000000000023100       0xa0 e:/PSDK3v2/PSDK3v2-master/psl1ght/ppu/lib\librt.a(socket.o)
                0x0000000000023100                .accept
 .text.bind     0x00000000000231a0       0x48 e:/PSDK3v2/PSDK3v2-master/psl1ght/ppu/lib\librt.a(socket.o)
                0x00000000000231a0                .bind
 .text.connect  0x00000000000231e8       0x48 e:/PSDK3v2/PSDK3v2-master/psl1ght/ppu/lib\librt.a(socket.o)
                0x00000000000231e8                .connect
 .text.listen   0x0000000000023230       0x48 e:/PSDK3v2/PSDK3v2-master/psl1ght/ppu/lib\librt.a(socket.o)
                0x0000000000023230                .listen
 .text.socket   0x0000000000023278       0x54 e:/PSDK3v2/PSDK3v2-master/psl1ght/ppu/lib\librt.a(socket.o)
                0x0000000000023278                .socket
 *fill*         0x00000000000232cc        0x4 60000000
 .text.send     0x00000000000232d0       0x50 e:/PSDK3v2/PSDK3v2-master/psl1ght/ppu/lib\librt.a(socket.o)
                0x00000000000232d0                .send
 .text.sendto   0x0000000000023320       0x48 e:/PSDK3v2/PSDK3v2-master/psl1ght/ppu/lib\librt.a(socket.o)
                0x0000000000023320                .sendto
 .text.recv     0x0000000000023368       0x50 e:/PSDK3v2/PSDK3v2-master/psl1ght/ppu/lib\librt.a(socket.o)
                0x0000000000023368                .recv
 .text.recvfrom
                0x00000000000233b8       0x98 e:/PSDK3v2/PSDK3v2-master/psl1ght/ppu/lib\librt.a(socket.o)
                0x00000000000233b8                .recvfrom
 .text.shutdown
                0x0000000000023450       0x48 e:/PSDK3v2/PSDK3v2-master/psl1ght/ppu/lib\librt.a(socket.o)
                0x0000000000023450                .shutdown
 .text.inet_aton
                0x0000000000023498       0xb8 e:/PSDK3v2/PSDK3v2-master/psl1ght/ppu/lib\librt.a(socket.o)
                0x0000000000023498                .inet_aton
 .text.inet_pton
                0x0000000000023550       0x54 e:/PSDK3v2/PSDK3v2-master/psl1ght/ppu/lib\librt.a(socket.o)
                0x0000000000023550                .inet_pton
 *fill*         0x00000000000235a4        0x4 60000000
 .text.select   0x00000000000235a8       0x3c e:/PSDK3v2/PSDK3v2-master/psl1ght/ppu/lib\librt.a(socket.o)
                0x00000000000235a8                .select
 *fill*         0x00000000000235e4        0x4 60000000
 .text.closesocket
                0x00000000000235e8       0x48 e:/PSDK3v2/PSDK3v2-master/psl1ght/ppu/lib\librt.a(socket.o)
                0x00000000000235e8                .closesocket
 .text          0x0000000000023630        0x0 e:/PSDK3v2/PSDK3v2-master/psl1ght/ppu/lib\librt.a(lock.o)
 .text.__librt_sys_lwmutex_create_r
                0x0000000000023630       0x38 e:/PSDK3v2/PSDK3v2-master/psl1ght/ppu/lib\librt.a(lock.o)
                0x0000000000023630                .__librt_sys_lwmutex_create_r
 .text.__librt_sys_lwmutex_destroy_r
                0x0000000000023668       0x34 e:/PSDK3v2/PSDK3v2-master/psl1ght/ppu/lib\librt.a(lock.o)
                0x0000000000023668                .__librt_sys_lwmutex_destroy_r
 *fill*         0x000000000002369c        0x4 60000000
 .text.__librt_sys_lwmutex_lock_r
                0x00000000000236a0       0x38 e:/PSDK3v2/PSDK3v2-master/psl1ght/ppu/lib\librt.a(lock.o)
                0x00000000000236a0                .__librt_sys_lwmutex_lock_r
 .text.__librt_sys_lwmutex_trylock_r
                0x00000000000236d8       0x34 e:/PSDK3v2/PSDK3v2-master/psl1ght/ppu/lib\librt.a(lock.o)
                0x00000000000236d8                .__librt_sys_lwmutex_trylock_r
 *fill*         0x000000000002370c        0x4 60000000
 .text.__librt_sys_lwmutex_unlock_r
                0x0000000000023710       0x34 e:/PSDK3v2/PSDK3v2-master/psl1ght/ppu/lib\librt.a(lock.o)
                0x0000000000023710                .__librt_sys_lwmutex_unlock_r
 .text          0x0000000000023744        0x0 e:/PSDK3v2/PSDK3v2-master/psl1ght/ppu/lib\librt.a(dirent.o)
 *fill*         0x0000000000023744        0x4 60000000
 .text.readdir_i
                0x0000000000023748      0x10c e:/PSDK3v2/PSDK3v2-master/psl1ght/ppu/lib\librt.a(dirent.o)
 *fill*         0x0000000000023854        0x4 60000000
 .text.__librt_opendir_r
                0x0000000000023858      0x144 e:/PSDK3v2/PSDK3v2-master/psl1ght/ppu/lib\librt.a(dirent.o)
                0x0000000000023858                .__librt_opendir_r
 *fill*         0x000000000002399c        0x4 60000000
 .text.__librt_readdir_r
                0x00000000000239a0       0x80 e:/PSDK3v2/PSDK3v2-master/psl1ght/ppu/lib\librt.a(dirent.o)
                0x00000000000239a0                .__librt_readdir_r
 .text.__librt_readdir_r_r
                0x0000000000023a20       0x54 e:/PSDK3v2/PSDK3v2-master/psl1ght/ppu/lib\librt.a(dirent.o)
                0x0000000000023a20                .__librt_readdir_r_r
 *fill*         0x0000000000023a74        0x4 60000000
 .text.__librt_closedir_r
                0x0000000000023a78       0x84 e:/PSDK3v2/PSDK3v2-master/psl1ght/ppu/lib\librt.a(dirent.o)
                0x0000000000023a78                .__librt_closedir_r
 *fill*         0x0000000000023afc        0x4 60000000
 .text.__librt_telldir_r
                0x0000000000023b00       0x24 e:/PSDK3v2/PSDK3v2-master/psl1ght/ppu/lib\librt.a(dirent.o)
                0x0000000000023b00                .__librt_telldir_r
 *fill*         0x0000000000023b24        0x4 60000000
 .text.__librt_rewinddir_r
                0x0000000000023b28       0x18 e:/PSDK3v2/PSDK3v2-master/psl1ght/ppu/lib\librt.a(dirent.o)
                0x0000000000023b28                .__librt_rewinddir_r
 .text.__librt_seekdir_r
                0x0000000000023b40       0x18 e:/PSDK3v2/PSDK3v2-master/psl1ght/ppu/lib\librt.a(dirent.o)
                0x0000000000023b40                .__librt_seekdir_r
 .text          0x0000000000023b58        0x0 e:/PSDK3v2/PSDK3v2-master/psl1ght/ppu/lib\librt.a(mkdir.o)
 .text.__librt_mkdir_r
                0x0000000000023b58       0x60 e:/PSDK3v2/PSDK3v2-master/psl1ght/ppu/lib\librt.a(mkdir.o)
                0x0000000000023b58                .__librt_mkdir_r
 .text          0x0000000000023bb8        0x0 e:/PSDK3v2/PSDK3v2-master/psl1ght/ppu/lib\librt.a(times.o)
 .text.__librt_times_r
                0x0000000000023bb8       0x1c e:/PSDK3v2/PSDK3v2-master/psl1ght/ppu/lib\librt.a(times.o)
                0x0000000000023bb8                .__librt_times_r
 .text          0x0000000000023bd4        0x0 e:/PSDK3v2/PSDK3v2-master/psl1ght/ppu/lib\librt.a(umask.o)
 *fill*         0x0000000000023bd4        0x4 60000000
 .text.__librt_umask_r
                0x0000000000023bd8       0x20 e:/PSDK3v2/PSDK3v2-master/psl1ght/ppu/lib\librt.a(umask.o)
                0x0000000000023bd8                .__librt_umask_r
 .text          0x0000000000023bf8        0x0 e:/PSDK3v2/PSDK3v2-master/psl1ght/ppu/lib\librt.a(lv2errno.o)
 .text.lv2error
                0x0000000000023bf8      0x3dc e:/PSDK3v2/PSDK3v2-master/psl1ght/ppu/lib\librt.a(lv2errno.o)
                0x0000000000023bf8                .lv2error
 *fill*         0x0000000000023fd4        0x4 60000000
 .text.lv2errno
                0x0000000000023fd8       0x68 e:/PSDK3v2/PSDK3v2-master/psl1ght/ppu/lib\librt.a(lv2errno.o)
                0x0000000000023fd8                .lv2errno
 .text.lv2errno_r
                0x0000000000024040       0x58 e:/PSDK3v2/PSDK3v2-master/psl1ght/ppu/lib\librt.a(lv2errno.o)
                0x0000000000024040                .lv2errno_r
 .text          0x0000000000024098        0x0 e:/PSDK3v2/PSDK3v2-master/psl1ght/ppu/lib\librt.a(heap.o)
 .text.heapInit
                0x0000000000024098       0xe8 e:/PSDK3v2/PSDK3v2-master/psl1ght/ppu/lib\librt.a(heap.o)
                0x0000000000024098                .heapInit
 .text.heapAllocate
                0x0000000000024180      0x174 e:/PSDK3v2/PSDK3v2-master/psl1ght/ppu/lib\librt.a(heap.o)
                0x0000000000024180                .heapAllocate
 *fill*         0x00000000000242f4        0x4 60000000
 .text.heapAllocateAligned
                0x00000000000242f8      0x224 e:/PSDK3v2/PSDK3v2-master/psl1ght/ppu/lib\librt.a(heap.o)
                0x00000000000242f8                .heapAllocateAligned
 *fill*         0x000000000002451c        0x4 60000000
 .text.heapFree
                0x0000000000024520      0x224 e:/PSDK3v2/PSDK3v2-master/psl1ght/ppu/lib\librt.a(heap.o)
                0x0000000000024520                .heapFree
 .text          0x0000000000024744        0x0 e:/PSDK3v2/PSDK3v2-master/psl1ght/ppu/lib\librt.a(chmod.o)
 *fill*         0x0000000000024744        0x4 60000000
 .text.__librt_chmod_r
                0x0000000000024748       0x54 e:/PSDK3v2/PSDK3v2-master/psl1ght/ppu/lib\librt.a(chmod.o)
                0x0000000000024748                .__librt_chmod_r
 .text          0x000000000002479c        0x0 e:/PSDK3v2/PSDK3v2-master/psl1ght/ppu/lib\librt.a(rmdir.o)
 *fill*         0x000000000002479c        0x4 60000000
 .text.__librt_rmdir_r
                0x00000000000247a0       0x50 e:/PSDK3v2/PSDK3v2-master/psl1ght/ppu/lib\librt.a(rmdir.o)
                0x00000000000247a0                .__librt_rmdir_r
 .text          0x00000000000247f0        0x0 e:/PSDK3v2/PSDK3v2-master/psl1ght/ppu/lib\librt.a(isatty.o)
 .text.__librt_isatty_r
                0x00000000000247f0       0x2c e:/PSDK3v2/PSDK3v2-master/psl1ght/ppu/lib\librt.a(isatty.o)
                0x00000000000247f0                .__librt_isatty_r
 .text          0x000000000002481c        0x0 e:/PSDK3v2/PSDK3v2-master/psl1ght/ppu/lib\librt.a(gettod.o)
 *fill*         0x000000000002481c        0x4 60000000
 .text.__librt_gettod_r
                0x0000000000024820       0xb8 e:/PSDK3v2/PSDK3v2-master/psl1ght/ppu/lib\librt.a(gettod.o)
                0x0000000000024820                .__librt_gettod_r
 .text          0x00000000000248d8        0x0 e:/PSDK3v2/PSDK3v2-master/psl1ght/ppu/lib\librt.a(settod.o)
 .text.__librt_settod_r
                0x00000000000248d8       0x58 e:/PSDK3v2/PSDK3v2-master/psl1ght/ppu/lib\librt.a(settod.o)
                0x00000000000248d8                .__librt_settod_r
 .text          0x0000000000024930        0x0 e:/psdk3v2/psdk3v2-master/ps3dev/ppu/bin/../lib/gcc/powerpc64-ps3-elf/4.5.2/../../../../powerpc64-ps3-elf/lib\libsysbase.a(close.o)
 .text._close_r
                0x0000000000024930       0x6c e:/psdk3v2/psdk3v2-master/ps3dev/ppu/bin/../lib/gcc/powerpc64-ps3-elf/4.5.2/../../../../powerpc64-ps3-elf/lib\libsysbase.a(close.o)
                0x0000000000024930                ._close_r
 .text          0x000000000002499c        0x0 e:/psdk3v2/psdk3v2-master/ps3dev/ppu/bin/../lib/gcc/powerpc64-ps3-elf/4.5.2/../../../../powerpc64-ps3-elf/lib\libsysbase.a(sbrk.o)
 *fill*         0x000000000002499c        0x4 60000000
 .text._sbrk_r  0x00000000000249a0       0x78 e:/psdk3v2/psdk3v2-master/ps3dev/ppu/bin/../lib/gcc/powerpc64-ps3-elf/4.5.2/../../../../powerpc64-ps3-elf/lib\libsysbase.a(sbrk.o)
                0x00000000000249a0                ._sbrk_r
 .text          0x0000000000024a18        0x0 e:/psdk3v2/psdk3v2-master/ps3dev/ppu/bin/../lib/gcc/powerpc64-ps3-elf/4.5.2/../../../../powerpc64-ps3-elf/lib\libsysbase.a(_exit.o)
 .text._exit    0x0000000000024a18       0x48 e:/psdk3v2/psdk3v2-master/ps3dev/ppu/bin/../lib/gcc/powerpc64-ps3-elf/4.5.2/../../../../powerpc64-ps3-elf/lib\libsysbase.a(_exit.o)
                0x0000000000024a18                ._exit
 .text          0x0000000000024a60        0x0 e:/psdk3v2/psdk3v2-master/ps3dev/ppu/bin/../lib/gcc/powerpc64-ps3-elf/4.5.2/../../../../powerpc64-ps3-elf/lib\libsysbase.a(fstat.o)
 .text._fstat_r
                0x0000000000024a60       0x6c e:/psdk3v2/psdk3v2-master/ps3dev/ppu/bin/../lib/gcc/powerpc64-ps3-elf/4.5.2/../../../../powerpc64-ps3-elf/lib\libsysbase.a(fstat.o)
                0x0000000000024a60                ._fstat_r
 .text          0x0000000000024acc        0x0 e:/psdk3v2/psdk3v2-master/ps3dev/ppu/bin/../lib/gcc/powerpc64-ps3-elf/4.5.2/../../../../powerpc64-ps3-elf/lib\libsysbase.a(isatty.o)
 *fill*         0x0000000000024acc        0x4 60000000
 .text._isatty_r
                0x0000000000024ad0       0x78 e:/psdk3v2/psdk3v2-master/ps3dev/ppu/bin/../lib/gcc/powerpc64-ps3-elf/4.5.2/../../../../powerpc64-ps3-elf/lib\libsysbase.a(isatty.o)
                0x0000000000024ad0                ._isatty_r
 .text          0x0000000000024b48        0x0 e:/psdk3v2/psdk3v2-master/ps3dev/ppu/bin/../lib/gcc/powerpc64-ps3-elf/4.5.2/../../../../powerpc64-ps3-elf/lib\libsysbase.a(lseek.o)
 .text._lseek_r
                0x0000000000024b48       0x6c e:/psdk3v2/psdk3v2-master/ps3dev/ppu/bin/../lib/gcc/powerpc64-ps3-elf/4.5.2/../../../../powerpc64-ps3-elf/lib\libsysbase.a(lseek.o)
                0x0000000000024b48                ._lseek_r
 .text          0x0000000000024bb4        0x0 e:/psdk3v2/psdk3v2-master/ps3dev/ppu/bin/../lib/gcc/powerpc64-ps3-elf/4.5.2/../../../../powerpc64-ps3-elf/lib\libsysbase.a(open.o)
 *fill*         0x0000000000024bb4        0x4 60000000
 .text._open_r  0x0000000000024bb8       0x6c e:/psdk3v2/psdk3v2-master/ps3dev/ppu/bin/../lib/gcc/powerpc64-ps3-elf/4.5.2/../../../../powerpc64-ps3-elf/lib\libsysbase.a(open.o)
                0x0000000000024bb8                ._open_r
 .text          0x0000000000024c24        0x0 e:/psdk3v2/psdk3v2-master/ps3dev/ppu/bin/../lib/gcc/powerpc64-ps3-elf/4.5.2/../../../../powerpc64-ps3-elf/lib\libsysbase.a(read.o)
 *fill*         0x0000000000024c24        0x4 60000000
 .text._read_r  0x0000000000024c28       0x6c e:/psdk3v2/psdk3v2-master/ps3dev/ppu/bin/../lib/gcc/powerpc64-ps3-elf/4.5.2/../../../../powerpc64-ps3-elf/lib\libsysbase.a(read.o)
                0x0000000000024c28                ._read_r
 .text          0x0000000000024c94        0x0 e:/psdk3v2/psdk3v2-master/ps3dev/ppu/bin/../lib/gcc/powerpc64-ps3-elf/4.5.2/../../../../powerpc64-ps3-elf/lib\libsysbase.a(write.o)
 *fill*         0x0000000000024c94        0x4 60000000
 .text._write_r
                0x0000000000024c98       0x6c e:/psdk3v2/psdk3v2-master/ps3dev/ppu/bin/../lib/gcc/powerpc64-ps3-elf/4.5.2/../../../../powerpc64-ps3-elf/lib\libsysbase.a(write.o)
                0x0000000000024c98                ._write_r
 .text          0x0000000000024d04        0x0 e:/psdk3v2/psdk3v2-master/ps3dev/ppu/bin/../lib/gcc/powerpc64-ps3-elf/4.5.2/../../../../powerpc64-ps3-elf/lib\libsysbase.a(lock.o)
 *fill*         0x0000000000024d04        0x4 60000000
 .text.sys_lwmutex_create
                0x0000000000024d08       0x94 e:/psdk3v2/psdk3v2-master/ps3dev/ppu/bin/../lib/gcc/powerpc64-ps3-elf/4.5.2/../../../../powerpc64-ps3-elf/lib\libsysbase.a(lock.o)
                0x0000000000024d08                .sys_lwmutex_create
 *fill*         0x0000000000024d9c        0x4 60000000
 .text.sys_lwmutex_destroy
                0x0000000000024da0       0x84 e:/psdk3v2/psdk3v2-master/ps3dev/ppu/bin/../lib/gcc/powerpc64-ps3-elf/4.5.2/../../../../powerpc64-ps3-elf/lib\libsysbase.a(lock.o)
                0x0000000000024da0                .sys_lwmutex_destroy
 *fill*         0x0000000000024e24        0x4 60000000
 .text.sys_lwmutex_lock
                0x0000000000024e28       0x94 e:/psdk3v2/psdk3v2-master/ps3dev/ppu/bin/../lib/gcc/powerpc64-ps3-elf/4.5.2/../../../../powerpc64-ps3-elf/lib\libsysbase.a(lock.o)
                0x0000000000024e28                .sys_lwmutex_lock
 *fill*         0x0000000000024ebc        0x4 60000000
 .text.sys_lwmutex_trylock
                0x0000000000024ec0       0x84 e:/psdk3v2/psdk3v2-master/ps3dev/ppu/bin/../lib/gcc/powerpc64-ps3-elf/4.5.2/../../../../powerpc64-ps3-elf/lib\libsysbase.a(lock.o)
                0x0000000000024ec0                .sys_lwmutex_trylock
 *fill*         0x0000000000024f44        0x4 60000000
 .text.sys_lwmutex_unlock
                0x0000000000024f48       0x84 e:/psdk3v2/psdk3v2-master/ps3dev/ppu/bin/../lib/gcc/powerpc64-ps3-elf/4.5.2/../../../../powerpc64-ps3-elf/lib\libsysbase.a(lock.o)
                0x0000000000024f48                .sys_lwmutex_unlock
 .text          0x0000000000024fcc        0x0 e:/psdk3v2/psdk3v2-master/ps3dev/ppu/bin/../lib/gcc/powerpc64-ps3-elf/4.5.2/../../../../powerpc64-ps3-elf/lib\libsysbase.a(getpid.o)
 *fill*         0x0000000000024fcc        0x4 60000000
 .text._getpid_r
                0x0000000000024fd0       0x6c e:/psdk3v2/psdk3v2-master/ps3dev/ppu/bin/../lib/gcc/powerpc64-ps3-elf/4.5.2/../../../../powerpc64-ps3-elf/lib\libsysbase.a(getpid.o)
                0x0000000000024fd0                ._getpid_r
 .text          0x000000000002503c        0x0 e:/psdk3v2/psdk3v2-master/ps3dev/ppu/bin/../lib/gcc/powerpc64-ps3-elf/4.5.2/../../../../powerpc64-ps3-elf/lib\libsysbase.a(kill.o)
 *fill*         0x000000000002503c        0x4 60000000
 .text._kill_r  0x0000000000025040       0x1c e:/psdk3v2/psdk3v2-master/ps3dev/ppu/bin/../lib/gcc/powerpc64-ps3-elf/4.5.2/../../../../powerpc64-ps3-elf/lib\libsysbase.a(kill.o)
                0x0000000000025040                ._kill_r
 .text          0x000000000002505c        0x0 e:/psdk3v2/psdk3v2-master/ps3dev/ppu/bin/../lib/gcc/powerpc64-ps3-elf/4.5.2/../../../../powerpc64-ps3-elf/lib\libsysbase.a(gettod.o)
 *fill*         0x000000000002505c        0x4 60000000
 .text._gettimeofday_r
                0x0000000000025060       0x6c e:/psdk3v2/psdk3v2-master/ps3dev/ppu/bin/../lib/gcc/powerpc64-ps3-elf/4.5.2/../../../../powerpc64-ps3-elf/lib\libsysbase.a(gettod.o)
                0x0000000000025060                ._gettimeofday_r
 .text          0x00000000000250cc        0x0 e:/psdk3v2/psdk3v2-master/ps3dev/ppu/bin/../lib/gcc/powerpc64-ps3-elf/4.5.2/../../../../powerpc64-ps3-elf/lib\libc.a(lib_a-errno.o)
 *fill*         0x00000000000250cc        0x4 60000000
 .text.__errno  0x00000000000250d0       0x30 e:/psdk3v2/psdk3v2-master/ps3dev/ppu/bin/../lib/gcc/powerpc64-ps3-elf/4.5.2/../../../../powerpc64-ps3-elf/lib\libc.a(lib_a-errno.o)
                0x00000000000250d0                .__errno
 .text          0x0000000000025100        0x0 e:/psdk3v2/psdk3v2-master/ps3dev/ppu/bin/../lib/gcc/powerpc64-ps3-elf/4.5.2/../../../../powerpc64-ps3-elf/lib\libc.a(lib_a-sscanf.o)
 .text.sscanf   0x0000000000025100       0xa8 e:/psdk3v2/psdk3v2-master/ps3dev/ppu/bin/../lib/gcc/powerpc64-ps3-elf/4.5.2/../../../../powerpc64-ps3-elf/lib\libc.a(lib_a-sscanf.o)
                0x0000000000025100                .sscanf
 .text._sscanf_r
                0x00000000000251a8       0xa8 e:/psdk3v2/psdk3v2-master/ps3dev/ppu/bin/../lib/gcc/powerpc64-ps3-elf/4.5.2/../../../../powerpc64-ps3-elf/lib\libc.a(lib_a-sscanf.o)
                0x00000000000251a8                ._sscanf_r
 .text          0x0000000000025250        0x0 e:/psdk3v2/psdk3v2-master/ps3dev/ppu/bin/../lib/gcc/powerpc64-ps3-elf/4.5.2/../../../../powerpc64-ps3-elf/lib\libc.a(lib_a-strncpy.o)
 .text.strncpy  0x0000000000025250      0x100 e:/psdk3v2/psdk3v2-master/ps3dev/ppu/bin/../lib/gcc/powerpc64-ps3-elf/4.5.2/../../../../powerpc64-ps3-elf/lib\libc.a(lib_a-strncpy.o)
                0x0000000000025250                .strncpy
 .text          0x0000000000025350        0x0 e:/psdk3v2/psdk3v2-master/ps3dev/ppu/bin/../lib/gcc/powerpc64-ps3-elf/4.5.2/../../../../powerpc64-ps3-elf/lib\libc.a(lib_a-svfscanf.o)
 .text.__ssvfscanf_r
                0x0000000000025350     0x18d8 e:/psdk3v2/psdk3v2-master/ps3dev/ppu/bin/../lib/gcc/powerpc64-ps3-elf/4.5.2/../../../../powerpc64-ps3-elf/lib\libc.a(lib_a-svfscanf.o)
                0x0000000000025350                .__ssvfscanf_r
 .text          0x0000000000026c28        0x0 e:/psdk3v2/psdk3v2-master/ps3dev/ppu/bin/../lib/gcc/powerpc64-ps3-elf/4.5.2/../../../../powerpc64-ps3-elf/lib\libc.a(lib_a-ctype_.o)
 .text          0x0000000000026c28        0x0 e:/psdk3v2/psdk3v2-master/ps3dev/ppu/bin/../lib/gcc/powerpc64-ps3-elf/4.5.2/../../../../powerpc64-ps3-elf/lib\libc.a(lib_a-iswspace.o)
 .text.iswspace
                0x0000000000026c28       0x3c e:/psdk3v2/psdk3v2-master/ps3dev/ppu/bin/../lib/gcc/powerpc64-ps3-elf/4.5.2/../../../../powerpc64-ps3-elf/lib\libc.a(lib_a-iswspace.o)
                0x0000000000026c28                .iswspace
 .text          0x0000000000026c64        0x0 e:/psdk3v2/psdk3v2-master/ps3dev/ppu/bin/../lib/gcc/powerpc64-ps3-elf/4.5.2/../../../../powerpc64-ps3-elf/lib\libc.a(lib_a-mbrtowc.o)
 *fill*         0x0000000000026c64        0x4 60000000
 .text._mbrtowc_r
                0x0000000000026c68      0x10c e:/psdk3v2/psdk3v2-master/ps3dev/ppu/bin/../lib/gcc/powerpc64-ps3-elf/4.5.2/../../../../powerpc64-ps3-elf/lib\libc.a(lib_a-mbrtowc.o)
                0x0000000000026c68                ._mbrtowc_r
 *fill*         0x0000000000026d74        0x4 60000000
 .text.mbrtowc  0x0000000000026d78      0x170 e:/psdk3v2/psdk3v2-master/ps3dev/ppu/bin/../lib/gcc/powerpc64-ps3-elf/4.5.2/../../../../powerpc64-ps3-elf/lib\libc.a(lib_a-mbrtowc.o)
                0x0000000000026d78                .mbrtowc
 .text          0x0000000000026ee8        0x0 e:/psdk3v2/psdk3v2-master/ps3dev/ppu/bin/../lib/gcc/powerpc64-ps3-elf/4.5.2/../../../../powerpc64-ps3-elf/lib\libc.a(lib_a-mbtowc_r.o)
 .text.__ascii_mbtowc
                0x0000000000026ee8       0x58 e:/psdk3v2/psdk3v2-master/ps3dev/ppu/bin/../lib/gcc/powerpc64-ps3-elf/4.5.2/../../../../powerpc64-ps3-elf/lib\libc.a(lib_a-mbtowc_r.o)
                0x0000000000026ee8                .__ascii_mbtowc
 .text._mbtowc_r
                0x0000000000026f40       0x98 e:/psdk3v2/psdk3v2-master/ps3dev/ppu/bin/../lib/gcc/powerpc64-ps3-elf/4.5.2/../../../../powerpc64-ps3-elf/lib\libc.a(lib_a-mbtowc_r.o)
                0x0000000000026f40                ._mbtowc_r
 .text          0x0000000000026fd8        0x0 e:/psdk3v2/psdk3v2-master/ps3dev/ppu/bin/../lib/gcc/powerpc64-ps3-elf/4.5.2/../../../../powerpc64-ps3-elf/lib\libc.a(lib_a-sccl.o)
 .text.__sccl   0x0000000000026fd8      0x120 e:/psdk3v2/psdk3v2-master/ps3dev/ppu/bin/../lib/gcc/powerpc64-ps3-elf/4.5.2/../../../../powerpc64-ps3-elf/lib\libc.a(lib_a-sccl.o)
                0x0000000000026fd8                .__sccl
 .text          0x00000000000270f8        0x0 e:/psdk3v2/psdk3v2-master/ps3dev/ppu/bin/../lib/gcc/powerpc64-ps3-elf/4.5.2/../../../../powerpc64-ps3-elf/lib\libc.a(lib_a-sf_nan.o)
 .text.nanf     0x00000000000270f8       0x18 e:/psdk3v2/psdk3v2-master/ps3dev/ppu/bin/../lib/gcc/powerpc64-ps3-elf/4.5.2/../../../../powerpc64-ps3-elf/lib\libc.a(lib_a-sf_nan.o)
                0x00000000000270f8                .nanf
 .text          0x0000000000027110        0x0 e:/psdk3v2/psdk3v2-master/ps3dev/ppu/bin/../lib/gcc/powerpc64-ps3-elf/4.5.2/../../../../powerpc64-ps3-elf/lib\libc.a(lib_a-strtod.o)
 .text.match    0x0000000000027110       0x6c e:/psdk3v2/psdk3v2-master/ps3dev/ppu/bin/../lib/gcc/powerpc64-ps3-elf/4.5.2/../../../../powerpc64-ps3-elf/lib\libc.a(lib_a-strtod.o)
 *fill*         0x000000000002717c        0x4 60000000
 .text._strtod_r
                0x0000000000027180     0x1578 e:/psdk3v2/psdk3v2-master/ps3dev/ppu/bin/../lib/gcc/powerpc64-ps3-elf/4.5.2/../../../../powerpc64-ps3-elf/lib\libc.a(lib_a-strtod.o)
                0x0000000000027180                ._strtod_r
 .text.strtod   0x00000000000286f8       0x50 e:/psdk3v2/psdk3v2-master/ps3dev/ppu/bin/../lib/gcc/powerpc64-ps3-elf/4.5.2/../../../../powerpc64-ps3-elf/lib\libc.a(lib_a-strtod.o)
                0x00000000000286f8                .strtod
 .text.strtof   0x0000000000028748       0x98 e:/psdk3v2/psdk3v2-master/ps3dev/ppu/bin/../lib/gcc/powerpc64-ps3-elf/4.5.2/../../../../powerpc64-ps3-elf/lib\libc.a(lib_a-strtod.o)
                0x0000000000028748                .strtof
 .text          0x00000000000287e0        0x0 e:/psdk3v2/psdk3v2-master/ps3dev/ppu/bin/../lib/gcc/powerpc64-ps3-elf/4.5.2/../../../../powerpc64-ps3-elf/lib\libc.a(lib_a-strtol.o)
 .text._strtol_r
                0x00000000000287e0      0x24c e:/psdk3v2/psdk3v2-master/ps3dev/ppu/bin/../lib/gcc/powerpc64-ps3-elf/4.5.2/../../../../powerpc64-ps3-elf/lib\libc.a(lib_a-strtol.o)
                0x00000000000287e0                ._strtol_r
 *fill*         0x0000000000028a2c        0x4 60000000
 .text.strtol   0x0000000000028a30       0x60 e:/psdk3v2/psdk3v2-master/ps3dev/ppu/bin/../lib/gcc/powerpc64-ps3-elf/4.5.2/../../../../powerpc64-ps3-elf/lib\libc.a(lib_a-strtol.o)
                0x0000000000028a30                .strtol
 .text          0x0000000000028a90        0x0 e:/psdk3v2/psdk3v2-master/ps3dev/ppu/bin/../lib/gcc/powerpc64-ps3-elf/4.5.2/../../../../powerpc64-ps3-elf/lib\libc.a(lib_a-strtoll_r.o)
 .text._strtoll_r
                0x0000000000028a90      0x24c e:/psdk3v2/psdk3v2-master/ps3dev/ppu/bin/../lib/gcc/powerpc64-ps3-elf/4.5.2/../../../../powerpc64-ps3-elf/lib\libc.a(lib_a-strtoll_r.o)
                0x0000000000028a90                ._strtoll_r
 .text          0x0000000000028cdc        0x0 e:/psdk3v2/psdk3v2-master/ps3dev/ppu/bin/../lib/gcc/powerpc64-ps3-elf/4.5.2/../../../../powerpc64-ps3-elf/lib\libc.a(lib_a-strtoul.o)
 *fill*         0x0000000000028cdc        0x4 60000000
 .text._strtoul_r
                0x0000000000028ce0      0x230 e:/psdk3v2/psdk3v2-master/ps3dev/ppu/bin/../lib/gcc/powerpc64-ps3-elf/4.5.2/../../../../powerpc64-ps3-elf/lib\libc.a(lib_a-strtoul.o)
                0x0000000000028ce0                ._strtoul_r
 .text.strtoul  0x0000000000028f10       0x60 e:/psdk3v2/psdk3v2-master/ps3dev/ppu/bin/../lib/gcc/powerpc64-ps3-elf/4.5.2/../../../../powerpc64-ps3-elf/lib\libc.a(lib_a-strtoul.o)
                0x0000000000028f10                .strtoul
 .text          0x0000000000028f70        0x0 e:/psdk3v2/psdk3v2-master/ps3dev/ppu/bin/../lib/gcc/powerpc64-ps3-elf/4.5.2/../../../../powerpc64-ps3-elf/lib\libc.a(lib_a-strtoull_r.o)
 .text._strtoull_r
                0x0000000000028f70      0x230 e:/psdk3v2/psdk3v2-master/ps3dev/ppu/bin/../lib/gcc/powerpc64-ps3-elf/4.5.2/../../../../powerpc64-ps3-elf/lib\libc.a(lib_a-strtoull_r.o)
                0x0000000000028f70                ._strtoull_r
 .text          0x00000000000291a0        0x0 e:/psdk3v2/psdk3v2-master/ps3dev/ppu/bin/../lib/gcc/powerpc64-ps3-elf/4.5.2/../../../../powerpc64-ps3-elf/lib\libc.a(lib_a-svfiscanf.o)
 .text._sungetc_r
                0x00000000000291a0      0x158 e:/psdk3v2/psdk3v2-master/ps3dev/ppu/bin/../lib/gcc/powerpc64-ps3-elf/4.5.2/../../../../powerpc64-ps3-elf/lib\libc.a(lib_a-svfiscanf.o)
                0x00000000000291a0                ._sungetc_r
 .text.__ssrefill_r
                0x00000000000292f8       0xa0 e:/psdk3v2/psdk3v2-master/ps3dev/ppu/bin/../lib/gcc/powerpc64-ps3-elf/4.5.2/../../../../powerpc64-ps3-elf/lib\libc.a(lib_a-svfiscanf.o)
                0x00000000000292f8                .__ssrefill_r
 .text._sfread_r
                0x0000000000029398      0x194 e:/psdk3v2/psdk3v2-master/ps3dev/ppu/bin/../lib/gcc/powerpc64-ps3-elf/4.5.2/../../../../powerpc64-ps3-elf/lib\libc.a(lib_a-svfiscanf.o)
                0x0000000000029398                ._sfread_r
 *fill*         0x000000000002952c        0x4 60000000
 .text.__ssvfiscanf_r
                0x0000000000029530     0x1208 e:/psdk3v2/psdk3v2-master/ps3dev/ppu/bin/../lib/gcc/powerpc64-ps3-elf/4.5.2/../../../../powerpc64-ps3-elf/lib\libc.a(lib_a-svfiscanf.o)
                0x0000000000029530                .__ssvfiscanf_r
 .text          0x000000000002a738        0x0 e:/psdk3v2/psdk3v2-master/ps3dev/ppu/bin/../lib/gcc/powerpc64-ps3-elf/4.5.2/../../../../powerpc64-ps3-elf/lib\libc.a(lib_a-ungetc.o)
 .text.__submore
                0x000000000002a738      0x124 e:/psdk3v2/psdk3v2-master/ps3dev/ppu/bin/../lib/gcc/powerpc64-ps3-elf/4.5.2/../../../../powerpc64-ps3-elf/lib\libc.a(lib_a-ungetc.o)
                0x000000000002a738                .__submore
 *fill*         0x000000000002a85c        0x4 60000000
 .text._ungetc_r
                0x000000000002a860      0x2b8 e:/psdk3v2/psdk3v2-master/ps3dev/ppu/bin/../lib/gcc/powerpc64-ps3-elf/4.5.2/../../../../powerpc64-ps3-elf/lib\libc.a(lib_a-ungetc.o)
                0x000000000002a860                ._ungetc_r
 .text.ungetc   0x000000000002ab18       0x50 e:/psdk3v2/psdk3v2-master/ps3dev/ppu/bin/../lib/gcc/powerpc64-ps3-elf/4.5.2/../../../../powerpc64-ps3-elf/lib\libc.a(lib_a-ungetc.o)
                0x000000000002ab18                .ungetc
 .text          0x000000000002ab68        0x0 e:/psdk3v2/psdk3v2-master/ps3dev/ppu/bin/../lib/gcc/powerpc64-ps3-elf/4.5.2/../../../../powerpc64-ps3-elf/lib\libc.a(lib_a-gdtoa-gethex.o)
 .text.rshift   0x000000000002ab68      0x164 e:/psdk3v2/psdk3v2-master/ps3dev/ppu/bin/../lib/gcc/powerpc64-ps3-elf/4.5.2/../../../../powerpc64-ps3-elf/lib\libc.a(lib_a-gdtoa-gethex.o)
 *fill*         0x000000000002accc        0x4 60000000
 .text.__hexdig_init
                0x000000000002acd0       0x8c e:/psdk3v2/psdk3v2-master/ps3dev/ppu/bin/../lib/gcc/powerpc64-ps3-elf/4.5.2/../../../../powerpc64-ps3-elf/lib\libc.a(lib_a-gdtoa-gethex.o)
                0x000000000002acd0                .__hexdig_init
 *fill*         0x000000000002ad5c        0x4 60000000
 .text.__gethex
                0x000000000002ad60      0x934 e:/psdk3v2/psdk3v2-master/ps3dev/ppu/bin/../lib/gcc/powerpc64-ps3-elf/4.5.2/../../../../powerpc64-ps3-elf/lib\libc.a(lib_a-gdtoa-gethex.o)
                0x000000000002ad60                .__gethex
 .text          0x000000000002b694        0x0 e:/psdk3v2/psdk3v2-master/ps3dev/ppu/bin/../lib/gcc/powerpc64-ps3-elf/4.5.2/../../../../powerpc64-ps3-elf/lib\libc.a(lib_a-gdtoa-hexnan.o)
 *fill*         0x000000000002b694        0x4 60000000
 .text.__hexnan
                0x000000000002b698      0x324 e:/psdk3v2/psdk3v2-master/ps3dev/ppu/bin/../lib/gcc/powerpc64-ps3-elf/4.5.2/../../../../powerpc64-ps3-elf/lib\libc.a(lib_a-gdtoa-hexnan.o)
                0x000000000002b698                .__hexnan
 .text          0x000000000002b9bc        0x0 e:/psdk3v2/psdk3v2-master/ps3dev/ppu/bin/../lib/gcc/powerpc64-ps3-elf/4.5.2/../../../../powerpc64-ps3-elf/lib\libc.a(lib_a-strncmp.o)
 *fill*         0x000000000002b9bc        0x4 60000000
 .text.strncmp  0x000000000002b9c0      0x184 e:/psdk3v2/psdk3v2-master/ps3dev/ppu/bin/../lib/gcc/powerpc64-ps3-elf/4.5.2/../../../../powerpc64-ps3-elf/lib\libc.a(lib_a-strncmp.o)
                0x000000000002b9c0                .strncmp
 .text          0x000000000002bb44        0x0 e:/psdk3v2/psdk3v2-master/ps3dev/ppu/bin/../lib/gcc/powerpc64-ps3-elf/4.5.2/crtend.o
 *fill*         0x000000000002bb44        0x4 60000000
 .text.__do_global_ctors_aux
                0x000000000002bb48       0x64 e:/psdk3v2/psdk3v2-master/ps3dev/ppu/bin/../lib/gcc/powerpc64-ps3-elf/4.5.2/crtend.o